Archive member included to satisfy reference by file (symbol)

app/libapp.a(main.c.obj)      (--whole-archive)
zephyr/libzephyr.a(cbprintf_packaged.c.obj)
                              (--whole-archive)
zephyr/libzephyr.a(crc32c_sw.c.obj)
                              (--whole-archive)
zephyr/libzephyr.a(crc32_sw.c.obj)
                              (--whole-archive)
zephyr/libzephyr.a(crc16_sw.c.obj)
                              (--whole-archive)
zephyr/libzephyr.a(crc8_sw.c.obj)
                              (--whole-archive)
zephyr/libzephyr.a(crc7_sw.c.obj)
                              (--whole-archive)
zephyr/libzephyr.a(dec.c.obj)
                              (--whole-archive)
zephyr/libzephyr.a(fdtable.c.obj)
                              (--whole-archive)
zephyr/libzephyr.a(hex.c.obj)
                              (--whole-archive)
zephyr/libzephyr.a(notify.c.obj)
                              (--whole-archive)
zephyr/libzephyr.a(printk.c.obj)
                              (--whole-archive)
zephyr/libzephyr.a(onoff.c.obj)
                              (--whole-archive)
zephyr/libzephyr.a(rb.c.obj)  (--whole-archive)
zephyr/libzephyr.a(sem.c.obj)
                              (--whole-archive)
zephyr/libzephyr.a(thread_entry.c.obj)
                              (--whole-archive)
zephyr/libzephyr.a(timeutil.c.obj)
                              (--whole-archive)
zephyr/libzephyr.a(heap.c.obj)
                              (--whole-archive)
zephyr/libzephyr.a(heap-validate.c.obj)
                              (--whole-archive)
zephyr/libzephyr.a(bitarray.c.obj)
                              (--whole-archive)
zephyr/libzephyr.a(multi_heap.c.obj)
                              (--whole-archive)
zephyr/libzephyr.a(cbprintf_complete.c.obj)
                              (--whole-archive)
zephyr/libzephyr.a(cbprintf.c.obj)
                              (--whole-archive)
zephyr/libzephyr.a(assert.c.obj)
                              (--whole-archive)
zephyr/libzephyr.a(reboot.c.obj)
                              (--whole-archive)
zephyr/libzephyr.a(configs.c.obj)
                              (--whole-archive)
zephyr/libzephyr.a(soc_nrf_common.S.obj)
                              (--whole-archive)
zephyr/libzephyr.a(validate_base_addresses.c.obj)
                              (--whole-archive)
zephyr/libzephyr.a(validate_enabled_instances.c.obj)
                              (--whole-archive)
zephyr/libzephyr.a(pm.c.obj)  (--whole-archive)
zephyr/libzephyr.a(policy.c.obj)
                              (--whole-archive)
zephyr/libzephyr.a(state.c.obj)
                              (--whole-archive)
zephyr/libzephyr.a(tracing_none.c.obj)
                              (--whole-archive)
zephyr/arch/common/libarch__common.a(sw_isr_common.c.obj)
                              (--whole-archive)
zephyr/arch/arch/arm/core/aarch32/libarch__arm__core__aarch32.a(cpu_idle.S.obj)
                              (--whole-archive)
zephyr/arch/arch/arm/core/aarch32/libarch__arm__core__aarch32.a(fatal.c.obj)
                              (--whole-archive)
zephyr/arch/arch/arm/core/aarch32/libarch__arm__core__aarch32.a(irq_manage.c.obj)
                              (--whole-archive)
zephyr/arch/arch/arm/core/aarch32/libarch__arm__core__aarch32.a(nmi.c.obj)
                              (--whole-archive)
zephyr/arch/arch/arm/core/aarch32/libarch__arm__core__aarch32.a(nmi_on_reset.S.obj)
                              (--whole-archive)
zephyr/arch/arch/arm/core/aarch32/libarch__arm__core__aarch32.a(prep_c.c.obj)
                              (--whole-archive)
zephyr/arch/arch/arm/core/aarch32/libarch__arm__core__aarch32.a(swap.c.obj)
                              (--whole-archive)
zephyr/arch/arch/arm/core/aarch32/libarch__arm__core__aarch32.a(swap_helper.S.obj)
                              (--whole-archive)
zephyr/arch/arch/arm/core/aarch32/libarch__arm__core__aarch32.a(thread.c.obj)
                              (--whole-archive)
zephyr/arch/arch/arm/core/aarch32/libarch__arm__core__aarch32.a(isr_wrapper.S.obj)
                              (--whole-archive)
zephyr/arch/arch/arm/core/aarch32/cortex_m/libarch__arm__core__aarch32__cortex_m.a(exc_exit.S.obj)
                              (--whole-archive)
zephyr/arch/arch/arm/core/aarch32/cortex_m/libarch__arm__core__aarch32__cortex_m.a(fault.c.obj)
                              (--whole-archive)
zephyr/arch/arch/arm/core/aarch32/cortex_m/libarch__arm__core__aarch32__cortex_m.a(fault_s.S.obj)
                              (--whole-archive)
zephyr/arch/arch/arm/core/aarch32/cortex_m/libarch__arm__core__aarch32__cortex_m.a(fpu.c.obj)
                              (--whole-archive)
zephyr/arch/arch/arm/core/aarch32/cortex_m/libarch__arm__core__aarch32__cortex_m.a(irq_init.c.obj)
                              (--whole-archive)
zephyr/arch/arch/arm/core/aarch32/cortex_m/libarch__arm__core__aarch32__cortex_m.a(reset.S.obj)
                              (--whole-archive)
[...]
Memory Configuration

Name             Origin             Length             Attributes
FLASH            0x0000000000000000 0x0000000000080000 xr
SRAM             0x0000000020000000 0x0000000000010000 xw
IDT_LIST         0x00000000fffff7ff 0x0000000000000800 xw
*default*        0x0000000000000000 0xffffffffffffffff

Linker script and memory map

LOAD zephyr/CMakeFiles/zephyr_pre0.dir/misc/empty_file.c.obj
                0x0000000000000020                _region_min_align = 0x20

.rel.plt        0x0000000000000000        0x0
 *(SORT_BY_ALIGNMENT(.rel.plt))
                [!provide]                        PROVIDE (__rel_iplt_start = .)
 *(SORT_BY_ALIGNMENT(.rel.iplt))
 .rel.iplt      0x0000000000000000        0x0 app/libapp.a(main.c.obj)
                [!provide]                        PROVIDE (__rel_iplt_end = .)

.rela.plt       0x0000000000000000        0x0
 *(SORT_BY_ALIGNMENT(.rela.plt))
                [!provide]                        PROVIDE (__rela_iplt_start = .)
 *(SORT_BY_ALIGNMENT(.rela.iplt))
                [!provide]                        PROVIDE (__rela_iplt_end = .)

.rel.dyn
 *(SORT_BY_ALIGNMENT(.rel.*))

.rela.dyn
 *(SORT_BY_ALIGNMENT(.rela.*))

/DISCARD/
 *(SORT_BY_ALIGNMENT(.plt))
 *(SORT_BY_ALIGNMENT(.iplt))
 *(SORT_BY_ALIGNMENT(.got.plt))
 *(SORT_BY_ALIGNMENT(.igot.plt))
 *(SORT_BY_ALIGNMENT(.got))
 *(SORT_BY_ALIGNMENT(.igot))
 *(SORT_BY_ALIGNMENT(.note.GNU-stack))
                0x0000000000000000                __rom_region_start = 0x0

rom_start       0x0000000000000000       0xdc
                0x0000000000000000                . = 0x0
                0x0000000000000000                . = ALIGN (0x4)
                0x0000000000000000                . = ALIGN (0x80)
                0x0000000000000000                . = ALIGN (0x100)
                0x0000000000000000                _vector_start = .
 *(SORT_BY_ALIGNMENT(.exc_vector_table))
 *(SORT_BY_ALIGNMENT(.exc_vector_table.*))
 .exc_vector_table._vector_table_section
                0x0000000000000000       0x40 zephyr/arch/arch/arm/core/aarch32/cortex_m/libarch__arm__core__aarch32__cortex_m.a(vector_table.S.obj)
                0x0000000000000000                _vector_table
 *(SORT_BY_ALIGNMENT(.vectors))
                0x00000000000000dc                _vector_end = .
                0x0000000000000040                . = ALIGN (0x4)
 *(SORT_BY_ALIGNMENT(.gnu.linkonce.irq_vector_table*))
 .gnu.linkonce.irq_vector_table
                0x0000000000000040       0x9c zephyr/arch/common/libisr_tables.a(isr_tables.c.obj)
                0x0000000000000040                _irq_vector_table
                0x00000000000000dc                _vector_end = .

text            0x00000000000000dc     0x4ed8
                0x00000000000000dc                __text_region_start = .
 *(SORT_BY_ALIGNMENT(.text))
 .text          0x00000000000000dc      0x21c c:/ncs/toolchains/v2.1.0/opt/zephyr-sdk/arm-zephyr-eabi/bin/../lib/gcc/arm-zephyr-eabi/10.3.0/thumb/v7e-m/nofp\libgcc.a(_arm_addsubsf3.o)
                0x00000000000000dc                __aeabi_frsub
                0x00000000000000e4                __subsf3
                0x00000000000000e4                __aeabi_fsub
                0x00000000000000e8                __aeabi_fadd
                0x00000000000000e8                __addsf3
                0x0000000000000248                __aeabi_ui2f
                0x0000000000000248                __floatunsisf
                0x0000000000000250                __aeabi_i2f
                0x0000000000000250                __floatsisf
                0x000000000000026c                __aeabi_ul2f
                0x000000000000026c                __floatundisf
                0x000000000000027c                __aeabi_l2f
                0x000000000000027c                __floatdisf
 .text          0x00000000000002f8      0x2a0 c:/ncs/toolchains/v2.1.0/opt/zephyr-sdk/arm-zephyr-eabi/bin/../lib/gcc/arm-zephyr-eabi/10.3.0/thumb/v7e-m/nofp\libgcc.a(_arm_muldivsf3.o)
                0x00000000000002f8                __mulsf3
                0x00000000000002f8                __aeabi_fmul
                0x0000000000000460                __aeabi_fdiv
                0x0000000000000460                __divsf3
 .text          0x0000000000000598       0xec c:/ncs/toolchains/v2.1.0/opt/zephyr-sdk/arm-zephyr-eabi/bin/../lib/gcc/arm-zephyr-eabi/10.3.0/thumb/v7e-m/nofp\libgcc.a(_arm_cmpsf2.o)
                0x0000000000000598                __gesf2
                0x0000000000000598                __gtsf2
                0x00000000000005a0                __lesf2
                0x00000000000005a0                __ltsf2
                0x00000000000005a8                __nesf2
                0x00000000000005a8                __eqsf2
                0x00000000000005a8                __cmpsf2
                0x0000000000000608                __aeabi_cfrcmple
                0x0000000000000610                __aeabi_cfcmpeq
                0x0000000000000610                __aeabi_cfcmple
                0x0000000000000620                __aeabi_fcmpeq
                0x0000000000000634                __aeabi_fcmplt
                0x0000000000000648                __aeabi_fcmple
                0x000000000000065c                __aeabi_fcmpge
                0x0000000000000670                __aeabi_fcmpgt
 .text          0x0000000000000684       0x4c c:/ncs/toolchains/v2.1.0/opt/zephyr-sdk/arm-zephyr-eabi/bin/../lib/gcc/arm-zephyr-eabi/10.3.0/thumb/v7e-m/nofp\libgcc.a(_arm_fixsfsi.o)
                0x0000000000000684                __aeabi_f2iz
                0x0000000000000684                __fixsfsi
 .text          0x00000000000006d0       0x30 c:/ncs/toolchains/v2.1.0/opt/zephyr-sdk/arm-zephyr-eabi/bin/../lib/gcc/arm-zephyr-eabi/10.3.0/thumb/v7e-m/nofp\libgcc.a(_aeabi_uldivmod.o)
                0x00000000000006d0                __aeabi_uldivmod
 .text          0x0000000000000700        0x4 c:/ncs/toolchains/v2.1.0/opt/zephyr-sdk/arm-zephyr-eabi/bin/../lib/gcc/arm-zephyr-eabi/10.3.0/thumb/v7e-m/nofp\libgcc.a(_dvmd_tls.o)
                0x0000000000000700                __aeabi_idiv0
                0x0000000000000700                __aeabi_ldiv0
 .text          0x0000000000000704      0x2a6 c:/ncs/toolchains/v2.1.0/opt/zephyr-sdk/arm-zephyr-eabi/bin/../lib/gcc/arm-zephyr-eabi/10.3.0/thumb/v7e-m/nofp\libgcc.a(_udivmoddi4.o)
                0x0000000000000704                __udivmoddi4
 *(SORT_BY_ALIGNMENT(.text.*))
 *fill*         0x00000000000009aa        0x2 
 .text.main     0x00000000000009ac      0x1b4 app/libapp.a(main.c.obj)
                0x00000000000009ac                main
 .text.char_out
                0x0000000000000b60        0xc zephyr/libzephyr.a(printk.c.obj)
 .text.__printk_hook_install
                0x0000000000000b6c        0xc zephyr/libzephyr.a(printk.c.obj)
                0x0000000000000b6c                __printk_hook_install
 .text.vprintk  0x0000000000000b78       0x1c zephyr/libzephyr.a(printk.c.obj)
                0x0000000000000b78                vprintk
 .text.process_event
                0x0000000000000b94      0x1c0 zephyr/libzephyr.a(onoff.c.obj)
 .text.z_cbvprintf_impl
                0x0000000000000d54      0x78c zephyr/libzephyr.a(cbprintf_complete.c.obj)
                0x0000000000000d54                z_cbvprintf_impl
 .text.z_arm_platform_init
                0x00000000000014e0        0x4 zephyr/libzephyr.a(soc_nrf_common.S.obj)
                0x00000000000014e0                z_arm_platform_init
 .text.pm_state_notify
                0x00000000000014e4       0x5c zephyr/libzephyr.a(pm.c.obj)
 .text.pm_system_resume
                0x0000000000001540       0x7c zephyr/libzephyr.a(pm.c.obj)
                0x0000000000001540                pm_system_resume
 .text.pm_system_suspend
                0x00000000000015bc       0xf0 zephyr/libzephyr.a(pm.c.obj)
                0x00000000000015bc                pm_system_suspend
 .text.pm_policy_next_state
                0x00000000000016ac       0x90 zephyr/libzephyr.a(policy.c.obj)
                0x00000000000016ac                pm_policy_next_state
 .text.pm_state_cpu_get_all
                0x000000000000173c       0x10 zephyr/libzephyr.a(state.c.obj)
                0x000000000000173c                pm_state_cpu_get_all
 .text.z_arm_cpu_idle_init
                0x000000000000174c        0xc zephyr/arch/arch/arm/core/aarch32/libarch__arm__core__aarch32.a(cpu_idle.S.obj)
                0x000000000000174c                z_arm_cpu_idle_init
 .text.arch_cpu_idle
                0x0000000000001758       0x1c zephyr/arch/arch/arm/core/aarch32/libarch__arm__core__aarch32.a(cpu_idle.S.obj)
                0x0000000000001758                arch_cpu_idle
 .text.arch_cpu_atomic_idle
                0x0000000000001774       0x14 zephyr/arch/arch/arm/core/aarch32/libarch__arm__core__aarch32.a(cpu_idle.S.obj)
                0x0000000000001774                arch_cpu_atomic_idle
 .text.arch_irq_enable
                0x0000000000001788       0x20 zephyr/arch/arch/arm/core/aarch32/libarch__arm__core__aarch32.a(irq_manage.c.obj)
                0x0000000000001788                arch_irq_enable
 .text.arch_irq_is_enabled
                0x00000000000017a8       0x1c zephyr/arch/arch/arm/core/aarch32/libarch__arm__core__aarch32.a(irq_manage.c.obj)
                0x00000000000017a8                arch_irq_is_enabled
 .text.z_arm_irq_priority_set
                0x00000000000017c4       0x30 zephyr/arch/arch/arm/core/aarch32/libarch__arm__core__aarch32.a(irq_manage.c.obj)
                0x00000000000017c4                z_arm_irq_priority_set
 .text.z_SysNmiOnReset
                0x00000000000017f4        0x8 zephyr/arch/arch/arm/core/aarch32/libarch__arm__core__aarch32.a(nmi_on_reset.S.obj)
                0x00000000000017f4                z_SysNmiOnReset
 .text.z_arm_prep_c
                0x00000000000017fc       0x38 zephyr/arch/arch/arm/core/aarch32/libarch__arm__core__aarch32.a(prep_c.c.obj)
                0x00000000000017fc                z_arm_prep_c
 .text.arch_swap
                0x0000000000001834       0x34 zephyr/arch/arch/arm/core/aarch32/libarch__arm__core__aarch32.a(swap.c.obj)
                0x0000000000001834                arch_swap
 .text.z_arm_pendsv
                0x0000000000001868       0x54 zephyr/arch/arch/arm/core/aarch32/libarch__arm__core__aarch32.a(swap_helper.S.obj)
                0x0000000000001868                z_arm_pendsv
 .text.z_arm_svc
                0x00000000000018bc       0x20 zephyr/arch/arch/arm/core/aarch32/libarch__arm__core__aarch32.a(swap_helper.S.obj)
                0x00000000000018bc                z_arm_svc
 .text.arch_new_thread
                0x00000000000018dc       0x38 zephyr/arch/arch/arm/core/aarch32/libarch__arm__core__aarch32.a(thread.c.obj)
                0x00000000000018dc                arch_new_thread
 .text.z_check_thread_stack_fail
                0x0000000000001914       0x2c zephyr/arch/arch/arm/core/aarch32/libarch__arm__core__aarch32.a(thread.c.obj)
                0x0000000000001914                z_check_thread_stack_fail
 .text.arch_switch_to_main_thread
                0x0000000000001940       0x2c zephyr/arch/arch/arm/core/aarch32/libarch__arm__core__aarch32.a(thread.c.obj)
                0x0000000000001940                arch_switch_to_main_thread
 .text._isr_wrapper
                0x000000000000196c       0x40 zephyr/arch/arch/arm/core/aarch32/libarch__arm__core__aarch32.a(isr_wrapper.S.obj)
                0x000000000000196c                _isr_wrapper
 .text._HandlerModeExit
                0x00000000000019ac       0x1c zephyr/arch/arch/arm/core/aarch32/cortex_m/libarch__arm__core__aarch32__cortex_m.a(exc_exit.S.obj)
                0x00000000000019ac                z_arm_int_exit
                0x00000000000019ac                z_arm_exc_exit
 .text.mem_manage_fault
                0x00000000000019c8       0x78 zephyr/arch/arch/arm/core/aarch32/cortex_m/libarch__arm__core__aarch32__cortex_m.a(fault.c.obj)
 .text.bus_fault.constprop.0
                0x0000000000001a40       0x3c zephyr/arch/arch/arm/core/aarch32/cortex_m/libarch__arm__core__aarch32__cortex_m.a(fault.c.obj)
 .text.z_arm_fault
                0x0000000000001a7c      0x128 zephyr/arch/arch/arm/core/aarch32/cortex_m/libarch__arm__core__aarch32__cortex_m.a(fault.c.obj)
                0x0000000000001a7c                z_arm_fault
 .text.z_arm_fault_init
                0x0000000000001ba4       0x10 zephyr/arch/arch/arm/core/aarch32/cortex_m/libarch__arm__core__aarch32__cortex_m.a(fault.c.obj)
                0x0000000000001ba4                z_arm_fault_init
 .text.__fault  0x0000000000001bb4       0x14 zephyr/arch/arch/arm/core/aarch32/cortex_m/libarch__arm__core__aarch32__cortex_m.a(fault_s.S.obj)
                0x0000000000001bb4                z_arm_usage_fault
                0x0000000000001bb4                z_arm_mpu_fault
                0x0000000000001bb4                z_arm_exc_spurious
                0x0000000000001bb4                z_arm_debug_monitor
                0x0000000000001bb4                z_arm_hard_fault
                0x0000000000001bb4                z_arm_bus_fault
 .text.z_arm_interrupt_init
                0x0000000000001bc8       0x18 zephyr/arch/arch/arm/core/aarch32/cortex_m/libarch__arm__core__aarch32__cortex_m.a(irq_init.c.obj)
                0x0000000000001bc8                z_arm_interrupt_init
 .text._reset_section
                0x0000000000001be0       0x54 zephyr/arch/arch/arm/core/aarch32/cortex_m/libarch__arm__core__aarch32__cortex_m.a(reset.S.obj)
                0x0000000000001be0                __start
                0x0000000000001be0                z_arm_reset
 .text.z_arm_clear_arm_mpu_config
                0x0000000000001c34       0x24 zephyr/arch/arch/arm/core/aarch32/cortex_m/libarch__arm__core__aarch32__cortex_m.a(scb.c.obj)
                0x0000000000001c34                z_arm_clear_arm_mpu_config
 .text.z_arm_init_arch_hw_at_boot
                0x0000000000001c58       0x64 zephyr/arch/arch/arm/core/aarch32/cortex_m/libarch__arm__core__aarch32__cortex_m.a(scb.c.obj)
                0x0000000000001c58                z_arm_init_arch_hw_at_boot
 .text.z_impl_k_thread_abort
                0x0000000000001cbc       0x2c zephyr/arch/arch/arm/core/aarch32/cortex_m/libarch__arm__core__aarch32__cortex_m.a(thread_abort.c.obj)
                0x0000000000001cbc                z_impl_k_thread_abort
 .text.z_arm_configure_static_mpu_regions
                0x0000000000001ce8       0x18 zephyr/arch/arch/arm/core/aarch32/mpu/libarch__arm__core__aarch32__mpu.a(arm_core_mpu.c.obj)
                0x0000000000001ce8                z_arm_configure_static_mpu_regions
 .text.z_arm_configure_dynamic_mpu_regions
                0x0000000000001d00       0x20 zephyr/arch/arch/arm/core/aarch32/mpu/libarch__arm__core__aarch32__mpu.a(arm_core_mpu.c.obj)
                0x0000000000001d00                z_arm_configure_dynamic_mpu_regions
 .text.mpu_configure_regions
                0x0000000000001d20       0x84 zephyr/arch/arch/arm/core/aarch32/mpu/libarch__arm__core__aarch32__mpu.a(arm_mpu.c.obj)
 .text.arm_core_mpu_enable
                0x0000000000001da4       0x18 zephyr/arch/arch/arm/core/aarch32/mpu/libarch__arm__core__aarch32__mpu.a(arm_mpu.c.obj)
                0x0000000000001da4                arm_core_mpu_enable
 .text.arm_core_mpu_disable
                0x0000000000001dbc       0x14 zephyr/arch/arch/arm/core/aarch32/mpu/libarch__arm__core__aarch32__mpu.a(arm_mpu.c.obj)
                0x0000000000001dbc                arm_core_mpu_disable
 .text.arm_core_mpu_configure_static_mpu_regions
                0x0000000000001dd0       0x14 zephyr/arch/arch/arm/core/aarch32/mpu/libarch__arm__core__aarch32__mpu.a(arm_mpu.c.obj)
                0x0000000000001dd0                arm_core_mpu_configure_static_mpu_regions
 .text.arm_core_mpu_configure_dynamic_mpu_regions
                0x0000000000001de4       0x30 zephyr/arch/arch/arm/core/aarch32/mpu/libarch__arm__core__aarch32__mpu.a(arm_mpu.c.obj)
                0x0000000000001de4                arm_core_mpu_configure_dynamic_mpu_regions
 .text.z_arm_mpu_init
                0x0000000000001e14       0x60 zephyr/arch/arch/arm/core/aarch32/mpu/libarch__arm__core__aarch32__mpu.a(arm_mpu.c.obj)
                0x0000000000001e14                z_arm_mpu_init
 .text.__stdout_hook_install
                0x0000000000001e74        0xc zephyr/lib/libc/minimal/liblib__libc__minimal.a(stdout_console.c.obj)
                0x0000000000001e74                __stdout_hook_install
 .text.nordicsemi_nrf52_init
                0x0000000000001e80       0x30 zephyr/soc/arm/nordic_nrf/nrf52/libsoc__arm__nordic_nrf__nrf52.a(soc.c.obj)
 .text.sys_arch_reboot
                0x0000000000001eb0       0x2c zephyr/soc/arm/nordic_nrf/nrf52/libsoc__arm__nordic_nrf__nrf52.a(soc.c.obj)
                0x0000000000001eb0                sys_arch_reboot
 .text.arch_busy_wait
                0x0000000000001edc       0x14 zephyr/soc/arm/nordic_nrf/nrf52/libsoc__arm__nordic_nrf__nrf52.a(soc.c.obj)
                0x0000000000001edc                arch_busy_wait
 .text.onoff_stop
                0x0000000000001ef0       0x30 zephyr/drivers/clock_control/libdrivers__clock_control.a(clock_control_nrf.c.obj)
 .text.onoff_start
                0x0000000000001f20       0x44 zephyr/drivers/clock_control/libdrivers__clock_control.a(clock_control_nrf.c.obj)
 .text.clk_init
                0x0000000000001f64       0x58 zephyr/drivers/clock_control/libdrivers__clock_control.a(clock_control_nrf.c.obj)
 .text.clkstarted_handle.constprop.0
                0x0000000000001fbc       0x34 zephyr/drivers/clock_control/libdrivers__clock_control.a(clock_control_nrf.c.obj)
 .text.clock_event_handler
                0x0000000000001ff0       0x1c zephyr/drivers/clock_control/libdrivers__clock_control.a(clock_control_nrf.c.obj)
 .text.generic_hfclk_start
                0x000000000000200c       0x64 zephyr/drivers/clock_control/libdrivers__clock_control.a(clock_control_nrf.c.obj)
 .text.api_blocking_start
                0x0000000000002070       0x34 zephyr/drivers/clock_control/libdrivers__clock_control.a(clock_control_nrf.c.obj)
 .text.lfclk_start
                0x00000000000020a4       0x24 zephyr/drivers/clock_control/libdrivers__clock_control.a(clock_control_nrf.c.obj)
 .text.generic_hfclk_stop
                0x00000000000020c8       0x2c zephyr/drivers/clock_control/libdrivers__clock_control.a(clock_control_nrf.c.obj)
 .text.z_nrf_clock_control_lf_on
                0x00000000000020f4      0x100 zephyr/drivers/clock_control/libdrivers__clock_control.a(clock_control_nrf.c.obj)
                0x00000000000020f4                z_nrf_clock_control_lf_on
 .text.uart_console_init
                0x00000000000021f4       0x30 zephyr/drivers/console/libdrivers__console.a(uart_console.c.obj)
 .text.console_out
                0x0000000000002224       0x28 zephyr/drivers/console/libdrivers__console.a(uart_console.c.obj)
 .text.gpio_nrfx_pin_interrupt_configure
                0x000000000000224c       0xc8 zephyr/drivers/gpio/libdrivers__gpio.a(gpio_nrfx.c.obj)
 .text.gpio_nrfx_init
                0x0000000000002314       0x38 zephyr/drivers/gpio/libdrivers__gpio.a(gpio_nrfx.c.obj)
 .text.nrfx_gpio_handler
                0x000000000000234c       0x34 zephyr/drivers/gpio/libdrivers__gpio.a(gpio_nrfx.c.obj)
 .text.gpio_nrfx_pin_configure
                0x0000000000002380      0x144 zephyr/drivers/gpio/libdrivers__gpio.a(gpio_nrfx.c.obj)
 .text.uarte_nrfx_configure
                0x00000000000024c4      0x158 zephyr/drivers/serial/libdrivers__serial.a(uart_nrfx_uarte.c.obj)
 .text.uarte_0_init
                0x000000000000261c       0xfc zephyr/drivers/serial/libdrivers__serial.a(uart_nrfx_uarte.c.obj)
 .text.uarte_nrfx_poll_out
                0x0000000000002718       0xc8 zephyr/drivers/serial/libdrivers__serial.a(uart_nrfx_uarte.c.obj)
 .text.compare_int_lock
                0x00000000000027e0       0x50 zephyr/drivers/timer/libdrivers__timer.a(nrf_rtc_timer.c.obj)
 .text.sys_clock_timeout_handler
                0x0000000000002830       0x78 zephyr/drivers/timer/libdrivers__timer.a(nrf_rtc_timer.c.obj)
 .text.compare_int_unlock
                0x00000000000028a8       0x5c zephyr/drivers/timer/libdrivers__timer.a(nrf_rtc_timer.c.obj)
 .text.z_nrf_rtc_timer_read
                0x0000000000002904       0x44 zephyr/drivers/timer/libdrivers__timer.a(nrf_rtc_timer.c.obj)
                0x0000000000002904                z_nrf_rtc_timer_read
 .text.compare_set
                0x0000000000002948      0x148 zephyr/drivers/timer/libdrivers__timer.a(nrf_rtc_timer.c.obj)
 .text.sys_clock_driver_init
                0x0000000000002a90       0x80 zephyr/drivers/timer/libdrivers__timer.a(nrf_rtc_timer.c.obj)
 .text.rtc_nrf_isr
                0x0000000000002b10       0xec zephyr/drivers/timer/libdrivers__timer.a(nrf_rtc_timer.c.obj)
                0x0000000000002b10                rtc_nrf_isr
 .text.sys_clock_set_timeout
                0x0000000000002bfc       0x64 zephyr/drivers/timer/libdrivers__timer.a(nrf_rtc_timer.c.obj)
                0x0000000000002bfc                sys_clock_set_timeout
 .text.sys_clock_elapsed
                0x0000000000002c60       0x14 zephyr/drivers/timer/libdrivers__timer.a(nrf_rtc_timer.c.obj)
                0x0000000000002c60                sys_clock_elapsed
 .text.nrf52_errata_16
                0x0000000000002c74       0x28 modules/hal_nordic/nrfx/libmodules__hal_nordic__nrfx.a(system_nrf52.c.obj)
 .text.nvmc_wait
                0x0000000000002c9c       0x10 modules/hal_nordic/nrfx/libmodules__hal_nordic__nrfx.a(system_nrf52.c.obj)
                0x0000000000002c9c                nvmc_wait
 .text.SystemInit
                0x0000000000002cac      0x288 modules/hal_nordic/nrfx/libmodules__hal_nordic__nrfx.a(system_nrf52.c.obj)
                0x0000000000002cac                SystemInit
 .text.nrfx_flag32_alloc
                0x0000000000002f34       0x4c modules/hal_nordic/nrfx/libmodules__hal_nordic__nrfx.a(nrfx_flag32_allocator.c.obj)
                0x0000000000002f34                nrfx_flag32_alloc
 .text.nrfx_flag32_free
                0x0000000000002f80       0x44 modules/hal_nordic/nrfx/libmodules__hal_nordic__nrfx.a(nrfx_flag32_allocator.c.obj)
                0x0000000000002f80                nrfx_flag32_free
 .text.clock_stop
                0x0000000000002fc4       0xa8 modules/hal_nordic/nrfx/libmodules__hal_nordic__nrfx.a(nrfx_clock.c.obj)
 .text.nrfx_clock_init
                0x000000000000306c       0x20 modules/hal_nordic/nrfx/libmodules__hal_nordic__nrfx.a(nrfx_clock.c.obj)
                0x000000000000306c                nrfx_clock_init
 .text.nrfx_clock_start
                0x000000000000308c       0xb0 modules/hal_nordic/nrfx/libmodules__hal_nordic__nrfx.a(nrfx_clock.c.obj)
                0x000000000000308c                nrfx_clock_start
 .text.nrfx_power_clock_irq_handler
                0x000000000000313c       0x68 modules/hal_nordic/nrfx/libmodules__hal_nordic__nrfx.a(nrfx_clock.c.obj)
                0x000000000000313c                nrfx_power_clock_irq_handler
 .text.pin_in_use_by_te
                0x00000000000031a4       0x14 modules/hal_nordic/nrfx/libmodules__hal_nordic__nrfx.a(nrfx_gpiote.c.obj)
 .text.call_handler
                0x00000000000031b8       0x3c modules/hal_nordic/nrfx/libmodules__hal_nordic__nrfx.a(nrfx_gpiote.c.obj)
 .text.release_handler
                0x00000000000031f4       0x54 modules/hal_nordic/nrfx/libmodules__hal_nordic__nrfx.a(nrfx_gpiote.c.obj)
 .text.pin_handler_trigger_uninit
                0x0000000000003248       0x38 modules/hal_nordic/nrfx/libmodules__hal_nordic__nrfx.a(nrfx_gpiote.c.obj)
 .text.nrfx_gpiote_input_configure
                0x0000000000003280      0x154 modules/hal_nordic/nrfx/libmodules__hal_nordic__nrfx.a(nrfx_gpiote.c.obj)
                0x0000000000003280                nrfx_gpiote_input_configure
 .text.nrfx_gpiote_output_configure
                0x00000000000033d4       0xf0 modules/hal_nordic/nrfx/libmodules__hal_nordic__nrfx.a(nrfx_gpiote.c.obj)
                0x00000000000033d4                nrfx_gpiote_output_configure
 .text.nrfx_gpiote_global_callback_set
                0x00000000000034c4        0xc modules/hal_nordic/nrfx/libmodules__hal_nordic__nrfx.a(nrfx_gpiote.c.obj)
                0x00000000000034c4                nrfx_gpiote_global_callback_set
 .text.nrfx_gpiote_channel_get
                0x00000000000034d0       0x2c modules/hal_nordic/nrfx/libmodules__hal_nordic__nrfx.a(nrfx_gpiote.c.obj)
                0x00000000000034d0                nrfx_gpiote_channel_get
 .text.nrfx_gpiote_init
                0x00000000000034fc       0x50 modules/hal_nordic/nrfx/libmodules__hal_nordic__nrfx.a(nrfx_gpiote.c.obj)
                0x00000000000034fc                nrfx_gpiote_init
 .text.nrfx_gpiote_is_init
                0x000000000000354c       0x14 modules/hal_nordic/nrfx/libmodules__hal_nordic__nrfx.a(nrfx_gpiote.c.obj)
                0x000000000000354c                nrfx_gpiote_is_init
 .text.nrfx_gpiote_channel_free
                0x0000000000003560        0xc modules/hal_nordic/nrfx/libmodules__hal_nordic__nrfx.a(nrfx_gpiote.c.obj)
                0x0000000000003560                nrfx_gpiote_channel_free
 .text.nrfx_gpiote_channel_alloc
                0x000000000000356c        0xc modules/hal_nordic/nrfx/libmodules__hal_nordic__nrfx.a(nrfx_gpiote.c.obj)
                0x000000000000356c                nrfx_gpiote_channel_alloc
 .text.nrfx_gpiote_trigger_enable
                0x0000000000003578       0x88 modules/hal_nordic/nrfx/libmodules__hal_nordic__nrfx.a(nrfx_gpiote.c.obj)
                0x0000000000003578                nrfx_gpiote_trigger_enable
 .text.nrfx_gpiote_trigger_disable
                0x0000000000003600       0x50 modules/hal_nordic/nrfx/libmodules__hal_nordic__nrfx.a(nrfx_gpiote.c.obj)
                0x0000000000003600                nrfx_gpiote_trigger_disable
 .text.nrfx_gpiote_pin_uninit
                0x0000000000003650       0x44 modules/hal_nordic/nrfx/libmodules__hal_nordic__nrfx.a(nrfx_gpiote.c.obj)
                0x0000000000003650                nrfx_gpiote_pin_uninit
 .text.nrfx_gpiote_irq_handler
                0x0000000000003694      0x150 modules/hal_nordic/nrfx/libmodules__hal_nordic__nrfx.a(nrfx_gpiote.c.obj)
                0x0000000000003694                nrfx_gpiote_irq_handler
 .text.nrfx_ppi_channel_alloc
                0x00000000000037e4        0xc modules/hal_nordic/nrfx/libmodules__hal_nordic__nrfx.a(nrfx_ppi.c.obj)
                0x00000000000037e4                nrfx_ppi_channel_alloc
 .text._DoInit  0x00000000000037f0       0x6c modules/segger/libmodules__segger.a(SEGGER_RTT.c.obj)
 .text.z_sys_init_run_level
                0x000000000000385c       0x40 zephyr/kernel/libkernel.a(device.c.obj)
                0x000000000000385c                z_sys_init_run_level
 .text.bg_thread_main
                0x000000000000389c       0x34 zephyr/kernel/libkernel.a(init.c.obj)
 .text.z_bss_zero
                0x00000000000038d0       0x18 zephyr/kernel/libkernel.a(init.c.obj)
                0x00000000000038d0                z_bss_zero
 .text.z_init_cpu
                0x00000000000038e8       0x70 zephyr/kernel/libkernel.a(init.c.obj)
                0x00000000000038e8                z_init_cpu
 .text.z_cstart
                0x0000000000003958       0xd4 zephyr/kernel/libkernel.a(init.c.obj)
                0x0000000000003958                z_cstart
 .text.z_setup_new_thread
                0x0000000000003a2c       0x64 zephyr/kernel/libkernel.a(thread.c.obj)
                0x0000000000003a2c                z_setup_new_thread
 .text.z_init_static_threads
                0x0000000000003a90       0xb8 zephyr/kernel/libkernel.a(thread.c.obj)
                0x0000000000003a90                z_init_static_threads
 .text.idle     0x0000000000003b48       0x38 zephyr/kernel/libkernel.a(idle.c.obj)
                0x0000000000003b48                idle
 .text.z_impl_k_sem_give
                0x0000000000003b80       0x40 zephyr/kernel/libkernel.a(sem.c.obj)
                0x0000000000003b80                z_impl_k_sem_give
 .text.z_impl_k_sem_take
                0x0000000000003bc0       0x50 zephyr/kernel/libkernel.a(sem.c.obj)
                0x0000000000003bc0                z_impl_k_sem_take
 .text.z_reset_time_slice
                0x0000000000003c10       0x28 zephyr/kernel/libkernel.a(sched.c.obj)
                0x0000000000003c10                z_reset_time_slice
 .text.k_sched_time_slice_set
                0x0000000000003c38       0x64 zephyr/kernel/libkernel.a(sched.c.obj)
                0x0000000000003c38                k_sched_time_slice_set
 .text.z_reschedule
                0x0000000000003c9c       0x24 zephyr/kernel/libkernel.a(sched.c.obj)
                0x0000000000003c9c                z_reschedule
 .text.k_sched_lock
                0x0000000000003cc0       0x28 zephyr/kernel/libkernel.a(sched.c.obj)
                0x0000000000003cc0                k_sched_lock
 .text.update_cache
                0x0000000000003ce8       0x40 zephyr/kernel/libkernel.a(sched.c.obj)
 .text.move_thread_to_end_of_prio_q
                0x0000000000003d28       0x74 zephyr/kernel/libkernel.a(sched.c.obj)
 .text.z_time_slice
                0x0000000000003d9c       0x84 zephyr/kernel/libkernel.a(sched.c.obj)
                0x0000000000003d9c                z_time_slice
 .text.ready_thread
                0x0000000000003e20       0x6c zephyr/kernel/libkernel.a(sched.c.obj)
 .text.z_sched_start
                0x0000000000003e8c       0x3c zephyr/kernel/libkernel.a(sched.c.obj)
                0x0000000000003e8c                z_sched_start
 .text.unready_thread
                0x0000000000003ec8       0x30 zephyr/kernel/libkernel.a(sched.c.obj)
 .text.pend     0x0000000000003ef8       0x4c zephyr/kernel/libkernel.a(sched.c.obj)
 .text.z_pend_curr
                0x0000000000003f44       0x28 zephyr/kernel/libkernel.a(sched.c.obj)
                0x0000000000003f44                z_pend_curr
 .text.z_impl_k_thread_suspend
                0x0000000000003f6c       0x64 zephyr/kernel/libkernel.a(sched.c.obj)
                0x0000000000003f6c                z_impl_k_thread_suspend
 .text.k_sched_unlock
                0x0000000000003fd0       0x38 zephyr/kernel/libkernel.a(sched.c.obj)
                0x0000000000003fd0                k_sched_unlock
 .text.z_sched_init
                0x0000000000004008       0x18 zephyr/kernel/libkernel.a(sched.c.obj)
                0x0000000000004008                z_sched_init
 .text.z_impl_k_yield
                0x0000000000004020       0x80 zephyr/kernel/libkernel.a(sched.c.obj)
                0x0000000000004020                z_impl_k_yield
 .text.z_tick_sleep
                0x00000000000040a0       0x90 zephyr/kernel/libkernel.a(sched.c.obj)
 .text.z_impl_k_sleep
                0x0000000000004130       0x34 zephyr/kernel/libkernel.a(sched.c.obj)
                0x0000000000004130                z_impl_k_sleep
 .text.z_impl_z_current_get
                0x0000000000004164        0xc zephyr/kernel/libkernel.a(sched.c.obj)
                0x0000000000004164                z_impl_z_current_get
 .text.z_thread_abort
                0x0000000000004170       0xc0 zephyr/kernel/libkernel.a(sched.c.obj)
                0x0000000000004170                z_thread_abort
 .text.z_data_copy
                0x0000000000004230       0x34 zephyr/kernel/libkernel.a(xip.c.obj)
                0x0000000000004230                z_data_copy
 .text.elapsed  0x0000000000004264       0x14 zephyr/kernel/libkernel.a(timeout.c.obj)
 .text.next_timeout
                0x0000000000004278       0x4c zephyr/kernel/libkernel.a(timeout.c.obj)
 .text.remove_timeout
                0x00000000000042c4       0x34 zephyr/kernel/libkernel.a(timeout.c.obj)
 .text.z_add_timeout
                0x00000000000042f8       0xf4 zephyr/kernel/libkernel.a(timeout.c.obj)
                0x00000000000042f8                z_add_timeout
 .text.sys_clock_announce
                0x00000000000043ec       0xb8 zephyr/kernel/libkernel.a(timeout.c.obj)
                0x00000000000043ec                sys_clock_announce
 .text.sys_clock_tick_get
                0x00000000000044a4       0x34 zephyr/kernel/libkernel.a(timeout.c.obj)
                0x00000000000044a4                sys_clock_tick_get
 .text.boot_banner
                0x00000000000044d8       0x18 zephyr/kernel/libkernel.a(banner.c.obj)
                0x00000000000044d8                boot_banner
 .text.get_max  0x00000000000044f0       0x36 app/libapp.a(main.c.obj)
                0x00000000000044f0                get_max
 .text.get_average
                0x0000000000004526       0x2e app/libapp.a(main.c.obj)
                0x0000000000004526                get_average
 .text.get_sum_deviations
                0x0000000000004554       0x3a app/libapp.a(main.c.obj)
                0x0000000000004554                get_sum_deviations
 .text.sys_notify_validate
                0x000000000000458e       0x22 zephyr/libzephyr.a(notify.c.obj)
                0x000000000000458e                sys_notify_validate
 .text.sys_notify_finalize
                0x00000000000045b0       0x1a zephyr/libzephyr.a(notify.c.obj)
                0x00000000000045b0                sys_notify_finalize
 .text.arch_printk_char_out
                0x00000000000045ca        0x4 zephyr/libzephyr.a(printk.c.obj)
                0x00000000000045ca                arch_printk_char_out
 .text.printk   0x00000000000045ce       0x1a zephyr/libzephyr.a(printk.c.obj)
                0x00000000000045ce                printk
 .text.process_recheck
                0x00000000000045e8       0x38 zephyr/libzephyr.a(onoff.c.obj)
 .text.notify_one
                0x0000000000004620       0x2c zephyr/libzephyr.a(onoff.c.obj)
 .text.transition_complete
                0x000000000000464c       0x1c zephyr/libzephyr.a(onoff.c.obj)
 .text.validate_args
                0x0000000000004668       0x1e zephyr/libzephyr.a(onoff.c.obj)
 .text.onoff_manager_init
                0x0000000000004686       0x26 zephyr/libzephyr.a(onoff.c.obj)
                0x0000000000004686                onoff_manager_init
 .text.onoff_request
                0x00000000000046ac       0x92 zephyr/libzephyr.a(onoff.c.obj)
                0x00000000000046ac                onoff_request
 .text.z_thread_entry
                0x000000000000473e       0x14 zephyr/libzephyr.a(thread_entry.c.obj)
                0x000000000000473e                z_thread_entry
 .text.encode_uint
                0x0000000000004752       0x8c zephyr/libzephyr.a(cbprintf_complete.c.obj)
 .text.outs     0x00000000000047de       0x2c zephyr/libzephyr.a(cbprintf_complete.c.obj)
 .text._ConfigAbsSyms
                0x000000000000480a        0x2 zephyr/libzephyr.a(configs.c.obj)
                0x000000000000480a                _ConfigAbsSyms
 .text.z_arm_fatal_error
                0x000000000000480c        0x4 zephyr/arch/arch/arm/core/aarch32/libarch__arm__core__aarch32.a(fatal.c.obj)
                0x000000000000480c                z_arm_fatal_error
 .text.z_do_kernel_oops
                0x0000000000004810        0x8 zephyr/arch/arch/arm/core/aarch32/libarch__arm__core__aarch32.a(fatal.c.obj)
                0x0000000000004810                z_do_kernel_oops
 .text.z_irq_spurious
                0x0000000000004818        0x8 zephyr/arch/arch/arm/core/aarch32/libarch__arm__core__aarch32.a(irq_manage.c.obj)
                0x0000000000004818                z_irq_spurious
 .text.z_arm_nmi
                0x0000000000004820        0xe zephyr/arch/arch/arm/core/aarch32/libarch__arm__core__aarch32.a(nmi.c.obj)
                0x0000000000004820                z_arm_nmi
 .text.strcpy   0x000000000000482e       0x14 zephyr/lib/libc/minimal/liblib__libc__minimal.a(string.c.obj)
                0x000000000000482e                strcpy
 .text.strlen   0x0000000000004842        0xe zephyr/lib/libc/minimal/liblib__libc__minimal.a(string.c.obj)
                0x0000000000004842                strlen
 .text.strnlen  0x0000000000004850       0x12 zephyr/lib/libc/minimal/liblib__libc__minimal.a(string.c.obj)
                0x0000000000004850                strnlen
 .text.memcpy   0x0000000000004862       0x16 zephyr/lib/libc/minimal/liblib__libc__minimal.a(string.c.obj)
                0x0000000000004862                memcpy
 .text.memset   0x0000000000004878       0x12 zephyr/lib/libc/minimal/liblib__libc__minimal.a(string.c.obj)
                0x0000000000004878                memset
 .text._stdout_hook_default
                0x000000000000488a        0x6 zephyr/lib/libc/minimal/liblib__libc__minimal.a(stdout_console.c.obj)
 .text.pm_state_set
                0x0000000000004890       0x18 zephyr/soc/arm/nordic_nrf/nrf52/libsoc__arm__nordic_nrf__nrf52.a(power.c.obj)
                0x0000000000004890                pm_state_set
 .text.pm_state_exit_post_ops
                0x00000000000048a8        0xc zephyr/soc/arm/nordic_nrf/nrf52/libsoc__arm__nordic_nrf__nrf52.a(power.c.obj)
                0x00000000000048a8                pm_state_exit_post_ops
 .text.get_status
                0x00000000000048b4       0x12 zephyr/drivers/clock_control/libdrivers__clock_control.a(clock_control_nrf.c.obj)
 .text.set_on_state
                0x00000000000048c6       0x26 zephyr/drivers/clock_control/libdrivers__clock_control.a(clock_control_nrf.c.obj)
 .text.stop     0x00000000000048ec       0x52 zephyr/drivers/clock_control/libdrivers__clock_control.a(clock_control_nrf.c.obj)
 .text.api_stop
                0x000000000000493e        0x6 zephyr/drivers/clock_control/libdrivers__clock_control.a(clock_control_nrf.c.obj)
 .text.async_start
                0x0000000000004944       0x62 zephyr/drivers/clock_control/libdrivers__clock_control.a(clock_control_nrf.c.obj)
 .text.api_start
                0x00000000000049a6        0xe zephyr/drivers/clock_control/libdrivers__clock_control.a(clock_control_nrf.c.obj)
 .text.onoff_started_callback
                0x00000000000049b4       0x12 zephyr/drivers/clock_control/libdrivers__clock_control.a(clock_control_nrf.c.obj)
 .text.lfclk_stop
                0x00000000000049c6        0x6 zephyr/drivers/clock_control/libdrivers__clock_control.a(clock_control_nrf.c.obj)
 .text.blocking_start_callback
                0x00000000000049cc        0x6 zephyr/drivers/clock_control/libdrivers__clock_control.a(clock_control_nrf.c.obj)
 .text.gpio_nrfx_port_get_raw
                0x00000000000049d2        0xe zephyr/drivers/gpio/libdrivers__gpio.a(gpio_nrfx.c.obj)
 .text.gpio_nrfx_port_set_masked_raw
                0x00000000000049e0       0x18 zephyr/drivers/gpio/libdrivers__gpio.a(gpio_nrfx.c.obj)
 .text.gpio_nrfx_port_set_bits_raw
                0x00000000000049f8        0xc zephyr/drivers/gpio/libdrivers__gpio.a(gpio_nrfx.c.obj)
 .text.gpio_nrfx_port_clear_bits_raw
                0x0000000000004a04        0xc zephyr/drivers/gpio/libdrivers__gpio.a(gpio_nrfx.c.obj)
 .text.gpio_nrfx_port_toggle_bits
                0x0000000000004a10       0x1a zephyr/drivers/gpio/libdrivers__gpio.a(gpio_nrfx.c.obj)
 .text.gpio_nrfx_manage_callback
                0x0000000000004a2a       0x54 zephyr/drivers/gpio/libdrivers__gpio.a(gpio_nrfx.c.obj)
 .text.uarte_nrfx_config_get
                0x0000000000004a7e       0x10 zephyr/drivers/serial/libdrivers__serial.a(uart_nrfx_uarte.c.obj)
 .text.uarte_nrfx_err_check
                0x0000000000004a8e        0xe zephyr/drivers/serial/libdrivers__serial.a(uart_nrfx_uarte.c.obj)
 .text.uarte_nrfx_poll_in
                0x0000000000004a9c       0x28 zephyr/drivers/serial/libdrivers__serial.a(uart_nrfx_uarte.c.obj)
 .text.is_tx_ready.isra.0
                0x0000000000004ac4       0x20 zephyr/drivers/serial/libdrivers__serial.a(uart_nrfx_uarte.c.obj)
 .text.uarte_nrfx_isr_int
                0x0000000000004ae4       0x72 zephyr/drivers/serial/libdrivers__serial.a(uart_nrfx_uarte.c.obj)
 .text.sys_clock_idle_exit
                0x0000000000004b56        0x2 zephyr/drivers/timer/libdrivers__timer.a(sys_clock_init.c.obj)
                0x0000000000004b56                sys_clock_idle_exit
 .text.sys_clock_cycle_get_32
                0x0000000000004b58        0x8 zephyr/drivers/timer/libdrivers__timer.a(nrf_rtc_timer.c.obj)
                0x0000000000004b58                sys_clock_cycle_get_32
 .text.pinctrl_lookup_state
                0x0000000000004b60       0x30 zephyr/drivers/pinctrl/libdrivers__pinctrl.a(common.c.obj)
                0x0000000000004b60                pinctrl_lookup_state
 .text.nrf_gpio_pin_write
                0x0000000000004b90       0x1a zephyr/drivers/pinctrl/libdrivers__pinctrl.a(pinctrl_nrf.c.obj)
 .text.nrf_pin_configure
                0x0000000000004baa       0x38 zephyr/drivers/pinctrl/libdrivers__pinctrl.a(pinctrl_nrf.c.obj)
 .text.pinctrl_configure_pins
                0x0000000000004be2      0x11c zephyr/drivers/pinctrl/libdrivers__pinctrl.a(pinctrl_nrf.c.obj)
                0x0000000000004be2                pinctrl_configure_pins
 .text.k_sys_fatal_error_handler
                0x0000000000004cfe        0x8 modules/nrf/lib/fatal_error/lib..__nrf__lib__fatal_error.a(fatal_error.c.obj)
                0x0000000000004cfe                k_sys_fatal_error_handler
 .text.nrf52_errata_12
                0x0000000000004d06       0x1c modules/hal_nordic/nrfx/libmodules__hal_nordic__nrfx.a(system_nrf52.c.obj)
 .text.nrfx_isr
                0x0000000000004d22        0x2 modules/hal_nordic/nrfx/libmodules__hal_nordic__nrfx.a(nrfx_glue.c.obj)
                0x0000000000004d22                nrfx_isr
 .text.nrfx_busy_wait
                0x0000000000004d24        0x4 modules/hal_nordic/nrfx/libmodules__hal_nordic__nrfx.a(nrfx_glue.c.obj)
                0x0000000000004d24                nrfx_busy_wait
 .text.nrfx_clock_enable
                0x0000000000004d28       0x1a modules/hal_nordic/nrfx/libmodules__hal_nordic__nrfx.a(nrfx_clock.c.obj)
                0x0000000000004d28                nrfx_clock_enable
 .text.nrfx_clock_stop
                0x0000000000004d42        0x4 modules/hal_nordic/nrfx/libmodules__hal_nordic__nrfx.a(nrfx_clock.c.obj)
                0x0000000000004d42                nrfx_clock_stop
 .text.nrf_gpio_cfg_sense_set
                0x0000000000004d46       0x1c modules/hal_nordic/nrfx/libmodules__hal_nordic__nrfx.a(nrfx_gpiote.c.obj)
 .text.SEGGER_RTT_Init
                0x0000000000004d62        0x4 modules/segger/libmodules__segger.a(SEGGER_RTT.c.obj)
                0x0000000000004d62                SEGGER_RTT_Init
 .text.rtt_init
                0x0000000000004d66        0xa modules/segger/libmodules__segger.a(SEGGER_RTT_zephyr.c.obj)
 .text.z_device_state_init
                0x0000000000004d70        0x2 zephyr/kernel/libkernel.a(device.c.obj)
                0x0000000000004d70                z_device_state_init
 .text.z_device_is_ready
                0x0000000000004d72       0x14 zephyr/kernel/libkernel.a(device.c.obj)
                0x0000000000004d72                z_device_is_ready
 .text.z_fatal_error
                0x0000000000004d86       0x36 zephyr/kernel/libkernel.a(fatal.c.obj)
                0x0000000000004d86                z_fatal_error
 .text.z_early_memset
                0x0000000000004dbc        0x4 zephyr/kernel/libkernel.a(init.c.obj)
                0x0000000000004dbc                z_early_memset
 .text.z_early_memcpy
                0x0000000000004dc0        0x4 zephyr/kernel/libkernel.a(init.c.obj)
                0x0000000000004dc0                z_early_memcpy
 .text.k_is_in_isr
                0x0000000000004dc4        0xc zephyr/kernel/libkernel.a(thread.c.obj)
                0x0000000000004dc4                k_is_in_isr
 .text.z_pm_save_idle_exit
                0x0000000000004dd0        0xe zephyr/kernel/libkernel.a(idle.c.obj)
                0x0000000000004dd0                z_pm_save_idle_exit
 .text.sys_dlist_remove
                0x0000000000004dde       0x10 zephyr/kernel/libkernel.a(sched.c.obj)
 .text.unpend_thread_no_timeout
                0x0000000000004dee       0x14 zephyr/kernel/libkernel.a(sched.c.obj)
 .text.z_reschedule_irqlock
                0x0000000000004e02       0x18 zephyr/kernel/libkernel.a(sched.c.obj)
                0x0000000000004e02                z_reschedule_irqlock
 .text.z_reschedule_unlocked
                0x0000000000004e1a       0x14 zephyr/kernel/libkernel.a(sched.c.obj)
 .text.z_priq_dumb_best
                0x0000000000004e2e        0xc zephyr/kernel/libkernel.a(sched.c.obj)
                0x0000000000004e2e                z_priq_dumb_best
 .text.z_ready_thread
                0x0000000000004e3a       0x20 zephyr/kernel/libkernel.a(sched.c.obj)
                0x0000000000004e3a                z_ready_thread
 .text.z_thread_timeout
                0x0000000000004e5a       0x44 zephyr/kernel/libkernel.a(sched.c.obj)
                0x0000000000004e5a                z_thread_timeout
 .text.add_to_waitq_locked
                0x0000000000004e9e       0x54 zephyr/kernel/libkernel.a(sched.c.obj)
 .text.z_unpend_first_thread
                0x0000000000004ef2       0x30 zephyr/kernel/libkernel.a(sched.c.obj)
                0x0000000000004ef2                z_unpend_first_thread
 .text.z_abort_timeout
                0x0000000000004f22       0x2c zephyr/kernel/libkernel.a(timeout.c.obj)
                0x0000000000004f22                z_abort_timeout
 .text.z_get_next_timeout_expiry
                0x0000000000004f4e       0x20 zephyr/kernel/libkernel.a(timeout.c.obj)
                0x0000000000004f4e                z_get_next_timeout_expiry
 .text.z_set_timeout_expiry
                0x0000000000004f6e       0x34 zephyr/kernel/libkernel.a(timeout.c.obj)
                0x0000000000004f6e                z_set_timeout_expiry
 .text.sys_clock_tick_get_32
                0x0000000000004fa2        0x8 zephyr/kernel/libkernel.a(timeout.c.obj)
                0x0000000000004fa2                sys_clock_tick_get_32
 .text.z_impl_k_busy_wait
                0x0000000000004faa        0x8 zephyr/kernel/libkernel.a(timeout.c.obj)
                0x0000000000004faa                z_impl_k_busy_wait
 .text._OffsetAbsSyms
                0x0000000000004fb2        0x2 zephyr/CMakeFiles/offsets.dir/./arch/arm/core/offsets/offsets.c.obj
                0x0000000000004fb2                _OffsetAbsSyms
 *(SORT_BY_ALIGNMENT(.TEXT.*))
 *(SORT_BY_ALIGNMENT(.gnu.linkonce.t.*))
 *(SORT_BY_ALIGNMENT(.glue_7t))
 .glue_7t       0x0000000000004fb4        0x0 linker stubs
 *(SORT_BY_ALIGNMENT(.glue_7))
 .glue_7        0x0000000000004fb4        0x0 linker stubs
 *(SORT_BY_ALIGNMENT(.vfp11_veneer))
 .vfp11_veneer  0x0000000000004fb4        0x0 linker stubs
 *(SORT_BY_ALIGNMENT(.v4_bx))
 .v4_bx         0x0000000000004fb4        0x0 linker stubs
                0x0000000000004fb4                __text_region_end = .

.ARM.exidx      0x0000000000004fb4        0x8
                0x0000000000004fb4                __exidx_start = .
 *(SORT_BY_ALIGNMENT(.ARM.exidx*) SORT_BY_ALIGNMENT(gnu.linkonce.armexidx.*))
 .ARM.exidx     0x0000000000004fb4        0x8 c:/ncs/toolchains/v2.1.0/opt/zephyr-sdk/arm-zephyr-eabi/bin/../lib/gcc/arm-zephyr-eabi/10.3.0/thumb/v7e-m/nofp\libgcc.a(_udivmoddi4.o)
                0x0000000000004fbc                __exidx_end = .
                0x0000000000004fbc                __rodata_region_start = .

initlevel       0x0000000000004fbc       0x38
                0x0000000000004fbc                __init_start = .
                0x0000000000004fbc                __init_PRE_KERNEL_1_start = .
 *(SORT_BY_NAME(SORT_BY_ALIGNMENT(.z_init_PRE_KERNEL_1[0-9]_*)))
 .z_init_PRE_KERNEL_10_
                0x0000000000004fbc        0x8 zephyr/soc/arm/nordic_nrf/nrf52/libsoc__arm__nordic_nrf__nrf52.a(soc.c.obj)
 *(SORT_BY_NAME(SORT_BY_ALIGNMENT(.z_init_PRE_KERNEL_1[1-9][0-9]_*)))
 .z_init_PRE_KERNEL_130_
                0x0000000000004fc4        0x8 zephyr/drivers/clock_control/libdrivers__clock_control.a(clock_control_nrf.c.obj)
 .z_init_PRE_KERNEL_130_
                0x0000000000004fcc        0x8 modules/segger/libmodules__segger.a(SEGGER_RTT_zephyr.c.obj)
 .z_init_PRE_KERNEL_140_
                0x0000000000004fd4        0x8 zephyr/drivers/gpio/libdrivers__gpio.a(gpio_nrfx.c.obj)
 .z_init_PRE_KERNEL_155_
                0x0000000000004fdc        0x8 zephyr/drivers/serial/libdrivers__serial.a(uart_nrfx_uarte.c.obj)
 .z_init_PRE_KERNEL_160_
                0x0000000000004fe4        0x8 zephyr/drivers/console/libdrivers__console.a(uart_console.c.obj)
                0x0000000000004fec                __init_PRE_KERNEL_2_start = .
 *(SORT_BY_NAME(SORT_BY_ALIGNMENT(.z_init_PRE_KERNEL_2[0-9]_*)))
 .z_init_PRE_KERNEL_20_
                0x0000000000004fec        0x8 zephyr/drivers/timer/libdrivers__timer.a(nrf_rtc_timer.c.obj)
 *(SORT_BY_NAME(SORT_BY_ALIGNMENT(.z_init_PRE_KERNEL_2[1-9][0-9]_*)))
                0x0000000000004ff4                __init_POST_KERNEL_start = .
 *(SORT_BY_NAME(SORT_BY_ALIGNMENT(.z_init_POST_KERNEL[0-9]_*)))
 *(SORT_BY_NAME(SORT_BY_ALIGNMENT(.z_init_POST_KERNEL[1-9][0-9]_*)))
                0x0000000000004ff4                __init_APPLICATION_start = .
 *(SORT_BY_NAME(SORT_BY_ALIGNMENT(.z_init_APPLICATION[0-9]_*)))
 *(SORT_BY_NAME(SORT_BY_ALIGNMENT(.z_init_APPLICATION[1-9][0-9]_*)))
                0x0000000000004ff4                __init_SMP_start = .
 *(SORT_BY_NAME(SORT_BY_ALIGNMENT(.z_init_SMP[0-9]_*)))
 *(SORT_BY_NAME(SORT_BY_ALIGNMENT(.z_init_SMP[1-9][0-9]_*)))
                0x0000000000004ff4                __init_end = .

devices         0x0000000000004ff4       0x48
                0x0000000000004ff4                __device_start = .
                0x0000000000004ff4                __device_PRE_KERNEL_1_start = .
 *(SORT_BY_NAME(SORT_BY_ALIGNMENT(.z_device_PRE_KERNEL_1[0-9]_*)))
 *(SORT_BY_NAME(SORT_BY_ALIGNMENT(.z_device_PRE_KERNEL_1[1-9][0-9]_*)))
 .z_device_PRE_KERNEL_130_
                0x0000000000004ff4       0x18 zephyr/drivers/clock_control/libdrivers__clock_control.a(clock_control_nrf.c.obj)
                0x0000000000004ff4                __device_dts_ord_59
 .z_device_PRE_KERNEL_140_
                0x000000000000500c       0x18 zephyr/drivers/gpio/libdrivers__gpio.a(gpio_nrfx.c.obj)
                0x000000000000500c                __device_dts_ord_11
 .z_device_PRE_KERNEL_155_
                0x0000000000005024       0x18 zephyr/drivers/serial/libdrivers__serial.a(uart_nrfx_uarte.c.obj)
                0x0000000000005024                __device_dts_ord_96
                0x000000000000503c                __device_PRE_KERNEL_2_start = .
 *(SORT_BY_NAME(SORT_BY_ALIGNMENT(.z_device_PRE_KERNEL_2[0-9]_*)))
 *(SORT_BY_NAME(SORT_BY_ALIGNMENT(.z_device_PRE_KERNEL_2[1-9][0-9]_*)))
                0x000000000000503c                __device_POST_KERNEL_start = .
 *(SORT_BY_NAME(SORT_BY_ALIGNMENT(.z_device_POST_KERNEL[0-9]_*)))
 *(SORT_BY_NAME(SORT_BY_ALIGNMENT(.z_device_POST_KERNEL[1-9][0-9]_*)))
                0x000000000000503c                __device_APPLICATION_start = .
 *(SORT_BY_NAME(SORT_BY_ALIGNMENT(.z_device_APPLICATION[0-9]_*)))
 *(SORT_BY_NAME(SORT_BY_ALIGNMENT(.z_device_APPLICATION[1-9][0-9]_*)))
                0x000000000000503c                __device_SMP_start = .
 *(SORT_BY_NAME(SORT_BY_ALIGNMENT(.z_device_SMP[0-9]_*)))
 *(SORT_BY_NAME(SORT_BY_ALIGNMENT(.z_device_SMP[1-9][0-9]_*)))
                0x000000000000503c                __device_end = .

sw_isr_table    0x000000000000503c      0x138
                0x000000000000503c                . = ALIGN (0x4)
 *(SORT_BY_ALIGNMENT(.gnu.linkonce.sw_isr_table*))
 .gnu.linkonce.sw_isr_table
                0x000000000000503c      0x138 zephyr/arch/common/libisr_tables.a(isr_tables.c.obj)
                0x000000000000503c                _sw_isr_table

initlevel_error
                0x0000000000004fbc        0x0
 *(SORT_BY_NAME(SORT_BY_ALIGNMENT(.z_init_[_A-Z0-9]*)))
                0x0000000000000001                ASSERT ((SIZEOF (initlevel_error) == 0x0), Undefined initialization levels used.)

app_shmem_regions
                0x0000000000005174        0x0
                0x0000000000005174                __app_shmem_regions_start = .
 *(SORT_BY_NAME(SORT_BY_ALIGNMENT(.app_regions.*)))
                0x0000000000005174                __app_shmem_regions_end = .

k_p4wq_initparam_area
                0x0000000000005174        0x0
                0x0000000000005174                _k_p4wq_initparam_list_start = .
 *(SORT_BY_NAME(SORT_BY_ALIGNMENT(._k_p4wq_initparam.static.*)))
                0x0000000000005174                _k_p4wq_initparam_list_end = .

device_handles  0x0000000000005174       0x32
                0x0000000000005174                __device_handles_start = .
 *(SORT_BY_NAME(SORT_BY_ALIGNMENT(.__device_handles_pass1*)))
 .__device_handles_pass1
                0x0000000000005174        0xa zephyr/drivers/clock_control/libdrivers__clock_control.a(clock_control_nrf.c.obj)
                0x0000000000005174                __devicehdl_DT_N_S_soc_S_clock_40000000
 .__device_handles_pass1
                0x000000000000517e       0x1a zephyr/drivers/gpio/libdrivers__gpio.a(gpio_nrfx.c.obj)
                0x000000000000517e                __devicehdl_DT_N_S_soc_S_gpio_50000000
 .__device_handles_pass1
                0x0000000000005198        0xe zephyr/drivers/serial/libdrivers__serial.a(uart_nrfx_uarte.c.obj)
                0x0000000000005198                __devicehdl_DT_N_S_soc_S_uart_40002000
                0x00000000000051a6                __device_handles_end = .

ztest           0x00000000000051a6        0x0
                0x00000000000051a6                _ztest_suite_node_list_start = .
 *(SORT_BY_NAME(SORT_BY_ALIGNMENT(._ztest_suite_node.static.*)))
                0x00000000000051a6                _ztest_suite_node_list_end = .
                0x00000000000051a6                _ztest_unit_test_list_start = .
 *(SORT_BY_NAME(SORT_BY_ALIGNMENT(._ztest_unit_test.static.*)))
                0x00000000000051a6                _ztest_unit_test_list_end = .
                0x00000000000051a6                _ztest_test_rule_list_start = .
 *(SORT_BY_NAME(SORT_BY_ALIGNMENT(._ztest_test_rule.static.*)))
                0x00000000000051a6                _ztest_test_rule_list_end = .

bt_l2cap_fixed_chan_area
                0x00000000000051a6        0x0
                0x00000000000051a6                _bt_l2cap_fixed_chan_list_start = .
 *(SORT_BY_NAME(SORT_BY_ALIGNMENT(._bt_l2cap_fixed_chan.static.*)))
                0x00000000000051a6                _bt_l2cap_fixed_chan_list_end = .

bt_gatt_service_static_area
                0x00000000000051a6        0x0
                0x00000000000051a6                _bt_gatt_service_static_list_start = .
 *(SORT_BY_NAME(SORT_BY_ALIGNMENT(._bt_gatt_service_static.static.*)))
                0x00000000000051a6                _bt_gatt_service_static_list_end = .

log_strings_sections
                0x00000000000051a6        0x0
                0x00000000000051a6                __log_strings_start = .
 *(SORT_BY_NAME(SORT_BY_ALIGNMENT(.log_strings*)))
                0x00000000000051a6                __log_strings_end = .

log_const_sections
                0x00000000000051a6        0x0
                0x00000000000051a6                __log_const_start = .
 *(SORT_BY_NAME(SORT_BY_ALIGNMENT(.log_const_*)))
                0x00000000000051a6                __log_const_end = .

log_backends_sections
                0x00000000000051a6        0x0
                0x00000000000051a6                __log_backends_start = .
 *(SORT_BY_ALIGNMENT(._log_backend.*))
                0x00000000000051a6                __log_backends_end = .

tracing_backend_area
                0x00000000000051a6        0x0
                0x00000000000051a6                _tracing_backend_list_start = .
 *(SORT_BY_NAME(SORT_BY_ALIGNMENT(._tracing_backend.static.*)))
                0x00000000000051a6                _tracing_backend_list_end = .

zephyr_dbg_info
 *(SORT_BY_ALIGNMENT(.dbg_thread_info))

symbol_to_keep  0x00000000000051a6        0x0
                0x00000000000051a6                __symbol_to_keep_start = .
 *(SORT_BY_NAME(SORT_BY_ALIGNMENT(.symbol_to_keep*)))
                0x00000000000051a6                __symbol_to_keep_end = .

shell_area      0x00000000000051a6        0x0
                0x00000000000051a6                _shell_list_start = .
 *(SORT_BY_NAME(SORT_BY_ALIGNMENT(._shell.static.*)))
                0x00000000000051a6                _shell_list_end = .

shell_root_cmds_sections
                0x00000000000051a6        0x0
                0x00000000000051a6                __shell_root_cmds_start = .
 *(SORT_BY_NAME(SORT_BY_ALIGNMENT(.shell_root_cmd_*)))
                0x00000000000051a6                __shell_root_cmds_end = .

shell_subcmds_sections
                0x00000000000051a6        0x0
                0x00000000000051a6                __shell_subcmds_start = .
 *(SORT_BY_NAME(SORT_BY_ALIGNMENT(.shell_subcmd_*)))
                0x00000000000051a6                __shell_subcmds_end = .

shell_dynamic_subcmds_sections
                0x00000000000051a6        0x0
                0x00000000000051a6                __shell_dynamic_subcmds_start = .
 *(SORT_BY_NAME(SORT_BY_ALIGNMENT(.shell_dynamic_subcmd_*)))
                0x00000000000051a6                __shell_dynamic_subcmds_end = .

font_entry_sections
                0x00000000000051a6        0x0
                0x00000000000051a6                __font_entry_start = .
 *(SORT_BY_NAME(SORT_BY_ALIGNMENT(._cfb_font.*)))
                0x00000000000051a6                __font_entry_end = .

rodata          0x00000000000051b0      0x234
 *(SORT_BY_ALIGNMENT(.rodata))
 .rodata        0x00000000000051b0       0x30 app/libapp.a(main.c.obj)
 *(SORT_BY_ALIGNMENT(.rodata.*))
 .rodata.delay_machine_code.0
                0x00000000000051e0        0x6 zephyr/soc/arm/nordic_nrf/nrf52/libsoc__arm__nordic_nrf__nrf52.a(soc.c.obj)
 *fill*         0x00000000000051e6        0x2 
 .rodata.pmstates_DT_N_S_cpus_S_cpu_0
                0x00000000000051e8        0x0 zephyr/libzephyr.a(state.c.obj)
 .rodata.static_regions
                0x00000000000051e8        0xc zephyr/arch/arch/arm/core/aarch32/mpu/libarch__arm__core__aarch32__mpu.a(arm_core_mpu.c.obj)
 .rodata.mpu_config
                0x00000000000051f4        0x8 zephyr/soc/arm/common/cortex_m/libsoc__arm__common__cortex_m.a(arm_mpu_regions.c.obj)
                0x00000000000051f4                mpu_config
 .rodata.mpu_regions
                0x00000000000051fc       0x18 zephyr/soc/arm/common/cortex_m/libsoc__arm__common__cortex_m.a(arm_mpu_regions.c.obj)
 .rodata.clock_control_api
                0x0000000000005214       0x1c zephyr/drivers/clock_control/libdrivers__clock_control.a(clock_control_nrf.c.obj)
 .rodata.config
                0x0000000000005230       0x10 zephyr/drivers/clock_control/libdrivers__clock_control.a(clock_control_nrf.c.obj)
 .rodata.transitions.0
                0x0000000000005240        0xc zephyr/drivers/clock_control/libdrivers__clock_control.a(clock_control_nrf.c.obj)
 .rodata.gpio_nrfx_drv_api_funcs
                0x000000000000524c       0x24 zephyr/drivers/gpio/libdrivers__gpio.a(gpio_nrfx.c.obj)
 .rodata.gpio_nrfx_p0_cfg
                0x0000000000005270       0x10 zephyr/drivers/gpio/libdrivers__gpio.a(gpio_nrfx.c.obj)
 .rodata.__pinctrl_dev_config__device_dts_ord_96
                0x0000000000005280        0xc zephyr/drivers/serial/libdrivers__serial.a(uart_nrfx_uarte.c.obj)
 .rodata.__pinctrl_state_pins_0__device_dts_ord_96
                0x000000000000528c       0x10 zephyr/drivers/serial/libdrivers__serial.a(uart_nrfx_uarte.c.obj)
 .rodata.__pinctrl_states__device_dts_ord_96
                0x000000000000529c        0x8 zephyr/drivers/serial/libdrivers__serial.a(uart_nrfx_uarte.c.obj)
 .rodata.uart_nrfx_uarte_driver_api
                0x00000000000052a4       0x14 zephyr/drivers/serial/libdrivers__serial.a(uart_nrfx_uarte.c.obj)
 .rodata.uarte_0z_config
                0x00000000000052b8       0x10 zephyr/drivers/serial/libdrivers__serial.a(uart_nrfx_uarte.c.obj)
 .rodata.levels.0
                0x00000000000052c8       0x14 zephyr/kernel/libkernel.a(device.c.obj)
 .rodata._k_neg_eagain
                0x00000000000052dc        0x4 zephyr/kernel/libkernel.a(errno.c.obj)
                0x00000000000052dc                _k_neg_eagain
 .rodata.main.str1.1
                0x00000000000052e0       0x61 app/libapp.a(main.c.obj)
 .rodata.z_cbvprintf_impl.str1.1
                0x0000000000005341        0x6 zephyr/libzephyr.a(cbprintf_complete.c.obj)
 .rodata.str1.1
                0x0000000000005347        0xf zephyr/soc/arm/common/cortex_m/libsoc__arm__common__cortex_m.a(arm_mpu_regions.c.obj)
 .rodata.str1.1
                0x0000000000005356        0xf zephyr/drivers/clock_control/libdrivers__clock_control.a(clock_control_nrf.c.obj)
 .rodata.str1.1
                0x0000000000005365        0xe zephyr/drivers/gpio/libdrivers__gpio.a(gpio_nrfx.c.obj)
 .rodata.str1.1
                0x0000000000005373        0xe zephyr/drivers/serial/libdrivers__serial.a(uart_nrfx_uarte.c.obj)
 .rodata.CSWTCH.14
                0x0000000000005381        0x5 modules/hal_nordic/nrfx/libmodules__hal_nordic__nrfx.a(system_nrf52.c.obj)
 .rodata.CSWTCH.18
                0x0000000000005386        0x5 modules/hal_nordic/nrfx/libmodules__hal_nordic__nrfx.a(system_nrf52.c.obj)
 .rodata.CSWTCH.20
                0x000000000000538b        0x5 modules/hal_nordic/nrfx/libmodules__hal_nordic__nrfx.a(system_nrf52.c.obj)
 .rodata.CSWTCH.4
                0x0000000000005390        0x5 modules/hal_nordic/nrfx/libmodules__hal_nordic__nrfx.a(system_nrf52.c.obj)
 .rodata._DoInit.str1.1
                0x0000000000005395       0x14 modules/segger/libmodules__segger.a(SEGGER_RTT.c.obj)
 .rodata.z_cstart.str1.1
                0x00000000000053a9        0x5 zephyr/kernel/libkernel.a(init.c.obj)
 .rodata.boot_banner.str1.1
                0x00000000000053ae       0x34 zephyr/kernel/libkernel.a(banner.c.obj)
                                         0x35 (size before relaxing)
 *(SORT_BY_ALIGNMENT(.gnu.linkonce.r.*))
                0x00000000000053e4                . = ALIGN (0x4)
 *fill*         0x00000000000053e2        0x2 
                0x00000000000053e4                __rodata_region_end = .
                0x0000000000005400                . = ALIGN (_region_min_align)
                0x0000000000008000                . = ALIGN ((0x1 << ((__rodata_region_end - __rom_region_start) <= 0x4)?0x2:((__rodata_region_end - __rom_region_start) <= 0x8)?0x3:((__rodata_region_end - __rom_region_start) <= 0x10)?0x4:((__rodata_region_end - __rom_region_start) <= 0x20)?0x5:((__rodata_region_end - __rom_region_start) <= 0x40)?0x6:((__rodata_region_end - __rom_region_start) <= 0x80)?0x7:((__rodata_region_end - __rom_region_start) <= 0x100)?0x8:((__rodata_region_end - __rom_region_start) <= 0x200)?0x9:((__rodata_region_end - __rom_region_start) <= 0x400)?0xa:((__rodata_region_end - __rom_region_start) <= 0x800)?0xb:((__rodata_region_end - __rom_region_start) <= 0x1000)?0xc:((__rodata_region_end - __rom_region_start) <= 0x2000)?0xd:((__rodata_region_end - __rom_region_start) <= 0x4000)?0xe:((__rodata_region_end - __rom_region_start) <= 0x8000)?0xf:((__rodata_region_end - __rom_region_start) <= 0x10000)?0x10:((__rodata_region_end - __rom_region_start) <= 0x20000)?0x11:((__rodata_region_end - __rom_region_start) <= 0x40000)?0x12:((__rodata_region_end - __rom_region_start) <= 0x80000)?0x13:((__rodata_region_end - __rom_region_start) <= 0x100000)?0x14:((__rodata_region_end - __rom_region_start) <= 0x200000)?0x15:((__rodata_region_end - __rom_region_start) <= 0x400000)?0x16:((__rodata_region_end - __rom_region_start) <= 0x800000)?0x17:((__rodata_region_end - __rom_region_start) <= 0x1000000)?0x18:((__rodata_region_end - __rom_region_start) <= 0x2000000)?0x19:((__rodata_region_end - __rom_region_start) <= 0x4000000)?0x1a:((__rodata_region_end - __rom_region_start) <= 0x8000000)?0x1b:((__rodata_region_end - __rom_region_start) <= 0x10000000)?0x1c:((__rodata_region_end - __rom_region_start) <= 0x20000000)?0x1d:((__rodata_region_end - __rom_region_start) <= 0x40000000)?0x1e:((__rodata_region_end - __rom_region_start) <= 0x80000000)?0x1f:0x20))
                0x0000000000008000                __rom_region_end = .
                0x0000000020000000                . = 0x20000000
                0x0000000020000000                . = ALIGN (_region_min_align)
                0x0000000020000000                _image_ram_start = .

.ramfunc        0x0000000020000000        0x0 load address 0x00000000000053e4
                0x0000000020000000                . = ALIGN (_region_min_align)
                0x0000000020000000                . = ALIGN ((0x1 << (__ramfunc_size <= 0x4)?0x2:(__ramfunc_size <= 0x8)?0x3:(__ramfunc_size <= 0x10)?0x4:(__ramfunc_size <= 0x20)?0x5:(__ramfunc_size <= 0x40)?0x6:(__ramfunc_size <= 0x80)?0x7:(__ramfunc_size <= 0x100)?0x8:(__ramfunc_size <= 0x200)?0x9:(__ramfunc_size <= 0x400)?0xa:(__ramfunc_size <= 0x800)?0xb:(__ramfunc_size <= 0x1000)?0xc:(__ramfunc_size <= 0x2000)?0xd:(__ramfunc_size <= 0x4000)?0xe:(__ramfunc_size <= 0x8000)?0xf:(__ramfunc_size <= 0x10000)?0x10:(__ramfunc_size <= 0x20000)?0x11:(__ramfunc_size <= 0x40000)?0x12:(__ramfunc_size <= 0x80000)?0x13:(__ramfunc_size <= 0x100000)?0x14:(__ramfunc_size <= 0x200000)?0x15:(__ramfunc_size <= 0x400000)?0x16:(__ramfunc_size <= 0x800000)?0x17:(__ramfunc_size <= 0x1000000)?0x18:(__ramfunc_size <= 0x2000000)?0x19:(__ramfunc_size <= 0x4000000)?0x1a:(__ramfunc_size <= 0x8000000)?0x1b:(__ramfunc_size <= 0x10000000)?0x1c:(__ramfunc_size <= 0x20000000)?0x1d:(__ramfunc_size <= 0x40000000)?0x1e:(__ramfunc_size <= 0x80000000)?0x1f:0x20))
                0x0000000020000000                __ramfunc_start = .
 *(SORT_BY_ALIGNMENT(.ramfunc))
 *(SORT_BY_ALIGNMENT(.ramfunc.*))
                0x0000000020000000                . = ALIGN (_region_min_align)
                0x0000000020000000                . = ALIGN ((0x1 << (__ramfunc_size <= 0x4)?0x2:(__ramfunc_size <= 0x8)?0x3:(__ramfunc_size <= 0x10)?0x4:(__ramfunc_size <= 0x20)?0x5:(__ramfunc_size <= 0x40)?0x6:(__ramfunc_size <= 0x80)?0x7:(__ramfunc_size <= 0x100)?0x8:(__ramfunc_size <= 0x200)?0x9:(__ramfunc_size <= 0x400)?0xa:(__ramfunc_size <= 0x800)?0xb:(__ramfunc_size <= 0x1000)?0xc:(__ramfunc_size <= 0x2000)?0xd:(__ramfunc_size <= 0x4000)?0xe:(__ramfunc_size <= 0x8000)?0xf:(__ramfunc_size <= 0x10000)?0x10:(__ramfunc_size <= 0x20000)?0x11:(__ramfunc_size <= 0x40000)?0x12:(__ramfunc_size <= 0x80000)?0x13:(__ramfunc_size <= 0x100000)?0x14:(__ramfunc_size <= 0x200000)?0x15:(__ramfunc_size <= 0x400000)?0x16:(__ramfunc_size <= 0x800000)?0x17:(__ramfunc_size <= 0x1000000)?0x18:(__ramfunc_size <= 0x2000000)?0x19:(__ramfunc_size <= 0x4000000)?0x1a:(__ramfunc_size <= 0x8000000)?0x1b:(__ramfunc_size <= 0x10000000)?0x1c:(__ramfunc_size <= 0x20000000)?0x1d:(__ramfunc_size <= 0x40000000)?0x1e:(__ramfunc_size <= 0x80000000)?0x1f:0x20))
                0x0000000020000000                __ramfunc_end = .
                0x0000000000000000                __ramfunc_size = (__ramfunc_end - __ramfunc_start)
                0x00000000000053e4                __ramfunc_load_start = LOADADDR (.ramfunc)

datas           0x0000000020000000       0x94 load address 0x00000000000053e4
                0x0000000020000000                __data_region_start = .
                0x0000000020000000                __data_start = .
 *(SORT_BY_ALIGNMENT(.data))
 *(SORT_BY_ALIGNMENT(.data.*))
 .data._char_out
                0x0000000020000000        0x4 zephyr/libzephyr.a(printk.c.obj)
                0x0000000020000000                _char_out
 .data.max_latency_ticks
                0x0000000020000004        0x4 zephyr/libzephyr.a(policy.c.obj)
 .data._stdout_hook
                0x0000000020000008        0x4 zephyr/lib/libc/minimal/liblib__libc__minimal.a(stdout_console.c.obj)
 .data.uarte_0_data
                0x000000002000000c       0x1c zephyr/drivers/serial/libdrivers__serial.a(uart_nrfx_uarte.c.obj)
 .data.SystemCoreClock
                0x0000000020000028        0x4 modules/hal_nordic/nrfx/libmodules__hal_nordic__nrfx.a(system_nrf52.c.obj)
                0x0000000020000028                SystemCoreClock
 .data.m_cb     0x000000002000002c       0x5c modules/hal_nordic/nrfx/libmodules__hal_nordic__nrfx.a(nrfx_gpiote.c.obj)
 .data.m_channels_allocated
                0x0000000020000088        0x4 modules/hal_nordic/nrfx/libmodules__hal_nordic__nrfx.a(nrfx_ppi.c.obj)
 .data.timeout_list
                0x000000002000008c        0x8 zephyr/kernel/libkernel.a(timeout.c.obj)
 *(SORT_BY_ALIGNMENT(.kernel.*))
                0x0000000020000094                __data_end = .
                0x0000000000000094                __data_size = (__data_end - __data_start)
                0x00000000000053e4                __data_load_start = LOADADDR (datas)
                0x00000000000053e4                __data_region_load_start = LOADADDR (datas)

device_states   0x0000000020000094        0xc load address 0x0000000000005478
                0x0000000020000094                __device_states_start = .
 *(SORT_BY_ALIGNMENT(.z_devstate))
 .z_devstate    0x0000000020000094        0x4 zephyr/drivers/clock_control/libdrivers__clock_control.a(clock_control_nrf.c.obj)
 .z_devstate    0x0000000020000098        0x4 zephyr/drivers/gpio/libdrivers__gpio.a(gpio_nrfx.c.obj)
 .z_devstate    0x000000002000009c        0x4 zephyr/drivers/serial/libdrivers__serial.a(uart_nrfx_uarte.c.obj)
 *(SORT_BY_ALIGNMENT(.z_devstate.*))
                0x00000000200000a0                __device_states_end = .

initshell       0x00000000200000a0        0x0 load address 0x0000000000005484
                0x00000000200000a0                __shell_module_start = .
 *(SORT_BY_ALIGNMENT(.shell_module_*))
                0x00000000200000a0                __shell_module_end = .
                0x00000000200000a0                __shell_cmd_start = .
 *(SORT_BY_ALIGNMENT(.shell_cmd_*))
                0x00000000200000a0                __shell_cmd_end = .

log_dynamic_sections
                0x00000000200000a0        0x0 load address 0x0000000000005484
                0x00000000200000a0                __log_dynamic_start = .
 *(SORT_BY_NAME(SORT_BY_ALIGNMENT(.log_dynamic_*)))
                0x00000000200000a0                __log_dynamic_end = .

_static_thread_data_area
                0x00000000200000a0        0x0 load address 0x0000000000005484
                0x00000000200000a0                __static_thread_data_list_start = .
 *(SORT_BY_NAME(SORT_BY_ALIGNMENT(.__static_thread_data.static.*)))
                0x00000000200000a0                __static_thread_data_list_end = .

k_timer_area    0x00000000200000a0        0x0 load address 0x0000000000005484
                0x00000000200000a0                _k_timer_list_start = .
 *(SORT_BY_NAME(SORT_BY_ALIGNMENT(._k_timer.static.*)))
                0x00000000200000a0                _k_timer_list_end = .

k_mem_slab_area
                0x00000000200000a0        0x0 load address 0x0000000000005484
                0x00000000200000a0                _k_mem_slab_list_start = .
 *(SORT_BY_NAME(SORT_BY_ALIGNMENT(._k_mem_slab.static.*)))
                0x00000000200000a0                _k_mem_slab_list_end = .

k_mem_pool_area
                0x00000000200000a0        0x0 load address 0x0000000000005484
                0x00000000200000a0                _k_mem_pool_list_start = .
 *(SORT_BY_NAME(SORT_BY_ALIGNMENT(._k_mem_pool.static.*)))
                0x00000000200000a0                _k_mem_pool_list_end = .

k_heap_area     0x00000000200000a0        0x0 load address 0x0000000000005484
                0x00000000200000a0                _k_heap_list_start = .
 *(SORT_BY_NAME(SORT_BY_ALIGNMENT(._k_heap.static.*)))
                0x00000000200000a0                _k_heap_list_end = .

k_mutex_area    0x00000000200000a0        0x0 load address 0x0000000000005484
                0x00000000200000a0                _k_mutex_list_start = .
 *(SORT_BY_NAME(SORT_BY_ALIGNMENT(._k_mutex.static.*)))
                0x00000000200000a0                _k_mutex_list_end = .

k_stack_area    0x00000000200000a0        0x0 load address 0x0000000000005484
                0x00000000200000a0                _k_stack_list_start = .
 *(SORT_BY_NAME(SORT_BY_ALIGNMENT(._k_stack.static.*)))
                0x00000000200000a0                _k_stack_list_end = .

k_msgq_area     0x00000000200000a0        0x0 load address 0x0000000000005484
                0x00000000200000a0                _k_msgq_list_start = .
 *(SORT_BY_NAME(SORT_BY_ALIGNMENT(._k_msgq.static.*)))
                0x00000000200000a0                _k_msgq_list_end = .

k_mbox_area     0x00000000200000a0        0x0 load address 0x0000000000005484
                0x00000000200000a0                _k_mbox_list_start = .
 *(SORT_BY_NAME(SORT_BY_ALIGNMENT(._k_mbox.static.*)))
                0x00000000200000a0                _k_mbox_list_end = .

k_pipe_area     0x00000000200000a0        0x0 load address 0x0000000000005484
                0x00000000200000a0                _k_pipe_list_start = .
 *(SORT_BY_NAME(SORT_BY_ALIGNMENT(._k_pipe.static.*)))
                0x00000000200000a0                _k_pipe_list_end = .

k_sem_area      0x00000000200000a0        0x0 load address 0x0000000000005484
                0x00000000200000a0                _k_sem_list_start = .
 *(SORT_BY_NAME(SORT_BY_ALIGNMENT(._k_sem.static.*)))
                0x00000000200000a0                _k_sem_list_end = .

k_event_area    0x00000000200000a0        0x0 load address 0x0000000000005484
                0x00000000200000a0                _k_event_list_start = .
 *(SORT_BY_NAME(SORT_BY_ALIGNMENT(._k_event.static.*)))
                0x00000000200000a0                _k_event_list_end = .

k_queue_area    0x00000000200000a0        0x0 load address 0x0000000000005484
                0x00000000200000a0                _k_queue_list_start = .
 *(SORT_BY_NAME(SORT_BY_ALIGNMENT(._k_queue.static.*)))
                0x00000000200000a0                _k_queue_list_end = .

k_condvar_area  0x00000000200000a0        0x0 load address 0x0000000000005484
                0x00000000200000a0                _k_condvar_list_start = .
 *(SORT_BY_NAME(SORT_BY_ALIGNMENT(._k_condvar.static.*)))
                0x00000000200000a0                _k_condvar_list_end = .

_net_buf_pool_area
                0x00000000200000a0        0x0 load address 0x0000000000005484
                0x00000000200000a0                _net_buf_pool_list = .
 *(SORT_BY_NAME(SORT_BY_ALIGNMENT(._net_buf_pool.static.*)))
                0x00000000200000a0                __data_region_end = .

bss             0x00000000200000a0      0x6d9
                0x00000000200000a0                . = ALIGN (0x4)
                0x00000000200000a0                __bss_start = .
                0x00000000200000a0                __kernel_ram_start = .
 *(SORT_BY_ALIGNMENT(.bss))
 *(SORT_BY_ALIGNMENT(.bss.*))
 .bss.anchor    0x00000000200000a0        0x8 zephyr/drivers/timer/libdrivers__timer.a(nrf_rtc_timer.c.obj)
 .bss.cc_data   0x00000000200000a8       0x10 zephyr/drivers/timer/libdrivers__timer.a(nrf_rtc_timer.c.obj)
 .bss.last_count
                0x00000000200000b8        0x8 zephyr/drivers/timer/libdrivers__timer.a(nrf_rtc_timer.c.obj)
 .bss.z_idle_threads
                0x00000000200000c0       0x80 zephyr/kernel/libkernel.a(init.c.obj)
                0x00000000200000c0                z_idle_threads
 .bss.z_main_thread
                0x0000000020000140       0x80 zephyr/kernel/libkernel.a(init.c.obj)
                0x0000000020000140                z_main_thread
 .bss.curr_tick
                0x00000000200001c0        0x8 zephyr/kernel/libkernel.a(timeout.c.obj)
 .bss.pm_notifiers
                0x00000000200001c8        0x8 zephyr/libzephyr.a(pm.c.obj)
 .bss.z_cpus_pm_forced_state
                0x00000000200001d0        0xc zephyr/libzephyr.a(pm.c.obj)
 .bss.z_cpus_pm_state
                0x00000000200001dc        0xc zephyr/libzephyr.a(pm.c.obj)
 .bss.z_post_ops_required
                0x00000000200001e8        0x4 zephyr/libzephyr.a(pm.c.obj)
 .bss.dynamic_regions.0
                0x00000000200001ec        0xc zephyr/arch/arch/arm/core/aarch32/mpu/libarch__arm__core__aarch32__mpu.a(arm_core_mpu.c.obj)
 .bss.cli.2     0x00000000200001f8       0x10 zephyr/drivers/clock_control/libdrivers__clock_control.a(clock_control_nrf.c.obj)
 .bss.data      0x0000000020000208       0x50 zephyr/drivers/clock_control/libdrivers__clock_control.a(clock_control_nrf.c.obj)
 .bss.hfclk_users
                0x0000000020000258        0x4 zephyr/drivers/clock_control/libdrivers__clock_control.a(clock_control_nrf.c.obj)
 .bss.on.3      0x000000002000025c        0x4 zephyr/drivers/clock_control/libdrivers__clock_control.a(clock_control_nrf.c.obj)
 .bss.uart_console_dev
                0x0000000020000260        0x4 zephyr/drivers/console/libdrivers__console.a(uart_console.c.obj)
 .bss.gpio_nrfx_p0_data
                0x0000000020000264        0xc zephyr/drivers/gpio/libdrivers__gpio.a(gpio_nrfx.c.obj)
 .bss.force_isr_mask
                0x0000000020000270        0x4 zephyr/drivers/timer/libdrivers__timer.a(nrf_rtc_timer.c.obj)
 .bss.int_mask  0x0000000020000274        0x4 zephyr/drivers/timer/libdrivers__timer.a(nrf_rtc_timer.c.obj)
 .bss.overflow_cnt
                0x0000000020000278        0x4 zephyr/drivers/timer/libdrivers__timer.a(nrf_rtc_timer.c.obj)
 .bss.m_clock_cb
                0x000000002000027c        0x8 modules/hal_nordic/nrfx/libmodules__hal_nordic__nrfx.a(nrfx_clock.c.obj)
 .bss._SEGGER_RTT
                0x0000000020000284       0xa8 modules/segger/libmodules__segger.a(SEGGER_RTT.c.obj)
                0x0000000020000284                _SEGGER_RTT
 .bss._kernel   0x000000002000032c       0x28 zephyr/kernel/libkernel.a(init.c.obj)
                0x000000002000032c                _kernel
 .bss.pending_current
                0x0000000020000354        0x4 zephyr/kernel/libkernel.a(sched.c.obj)
 .bss.slice_max_prio
                0x0000000020000358        0x4 zephyr/kernel/libkernel.a(sched.c.obj)
 .bss.slice_ticks
                0x000000002000035c        0x4 zephyr/kernel/libkernel.a(sched.c.obj)
 .bss.announce_remaining
                0x0000000020000360        0x4 zephyr/kernel/libkernel.a(timeout.c.obj)
 .bss.static_regions_num
                0x0000000020000364        0x1 zephyr/arch/arch/arm/core/aarch32/mpu/libarch__arm__core__aarch32__mpu.a(arm_mpu.c.obj)
 .bss.once.1    0x0000000020000365        0x1 zephyr/drivers/clock_control/libdrivers__clock_control.a(clock_control_nrf.c.obj)
 .bss.uarte0_char_out
                0x0000000020000366        0x1 zephyr/drivers/serial/libdrivers__serial.a(uart_nrfx_uarte.c.obj)
 .bss.uarte0_rx_data
                0x0000000020000367        0x1 zephyr/drivers/serial/libdrivers__serial.a(uart_nrfx_uarte.c.obj)
 .bss._acDownBuffer
                0x0000000020000368       0x10 modules/segger/libmodules__segger.a(SEGGER_RTT.c.obj)
 .bss._acUpBuffer
                0x0000000020000378      0x400 modules/segger/libmodules__segger.a(SEGGER_RTT.c.obj)
 .bss.z_sys_post_kernel
                0x0000000020000778        0x1 zephyr/kernel/libkernel.a(init.c.obj)
                0x0000000020000778                z_sys_post_kernel
 .bss.lock      0x0000000020000779        0x0 zephyr/kernel/libkernel.a(sem.c.obj)
 .bss.sched_spinlock
                0x0000000020000779        0x0 zephyr/kernel/libkernel.a(sched.c.obj)
                0x0000000020000779                sched_spinlock
 *(SORT_BY_ALIGNMENT(COMMON))
 *(SORT_BY_ALIGNMENT(.kernel_bss.*))
                0x000000002000077c                __bss_end = ALIGN (0x4)

noinit          0x0000000020000780      0xe00
 *(SORT_BY_ALIGNMENT(.noinit))
 *(SORT_BY_ALIGNMENT(.noinit.*))
 .noinit."WEST_TOPDIR/zephyr/kernel/init.c".0
                0x0000000020000780      0x440 zephyr/kernel/libkernel.a(init.c.obj)
                0x0000000020000780                z_main_stack
 .noinit."WEST_TOPDIR/zephyr/kernel/init.c".1
                0x0000000020000bc0      0x180 zephyr/kernel/libkernel.a(init.c.obj)
 .noinit."WEST_TOPDIR/zephyr/kernel/init.c".2
                0x0000000020000d40      0x840 zephyr/kernel/libkernel.a(init.c.obj)
                0x0000000020000d40                z_interrupt_stacks
 *(SORT_BY_ALIGNMENT(.kernel_noinit.*))
                0x0000000020001580                _image_ram_end = .
                0x0000000020001580                _end = .
                0x0000000020010000                __kernel_ram_end = 0x20010000
                0x000000000000ff60                __kernel_ram_size = (__kernel_ram_end - __kernel_ram_start)

.intList        0x00000000fffff800       0x48
 *(SORT_BY_ALIGNMENT(.irq_info*))
 .irq_info      0x00000000fffff800        0x8 zephyr/arch/common/libisr_tables.a(isr_tables.c.obj)
                0x00000000fffff800                _iheader
 *(SORT_BY_ALIGNMENT(.intList*))
 .intList       0x00000000fffff808       0x10 zephyr/drivers/clock_control/libdrivers__clock_control.a(clock_control_nrf.c.obj)
 .intList       0x00000000fffff818       0x10 zephyr/drivers/gpio/libdrivers__gpio.a(gpio_nrfx.c.obj)
 .intList       0x00000000fffff828       0x10 zephyr/drivers/serial/libdrivers__serial.a(uart_nrfx_uarte.c.obj)
 .intList       0x00000000fffff838       0x10 zephyr/drivers/timer/libdrivers__timer.a(nrf_rtc_timer.c.obj)

.stab
 *(SORT_BY_ALIGNMENT(.stab))

.stabstr
 *(SORT_BY_ALIGNMENT(.stabstr))

.stab.excl
 *(SORT_BY_ALIGNMENT(.stab.excl))

.stab.exclstr
 *(SORT_BY_ALIGNMENT(.stab.exclstr))

.stab.index
 *(SORT_BY_ALIGNMENT(.stab.index))

.stab.indexstr
 *(SORT_BY_ALIGNMENT(.stab.indexstr))

.gnu.build.attributes
 *(SORT_BY_ALIGNMENT(.gnu.build.attributes) SORT_BY_ALIGNMENT(.gnu.build.attributes.*))

.comment        0x0000000000000000       0x20
 *(SORT_BY_ALIGNMENT(.comment))
 .comment       0x0000000000000000       0x20 app/libapp.a(main.c.obj)
                                         0x21 (size before relaxing)
 .comment       0x0000000000000020       0x21 zephyr/libzephyr.a(notify.c.obj)
 .comment       0x0000000000000020       0x21 zephyr/libzephyr.a(printk.c.obj)
 .comment       0x0000000000000020       0x21 zephyr/libzephyr.a(onoff.c.obj)
 .comment       0x0000000000000020       0x21 zephyr/libzephyr.a(thread_entry.c.obj)
 .comment       0x0000000000000020       0x21 zephyr/libzephyr.a(cbprintf_complete.c.obj)
 .comment       0x0000000000000020       0x21 zephyr/libzephyr.a(configs.c.obj)
 .comment       0x0000000000000020       0x21 zephyr/libzephyr.a(pm.c.obj)
 .comment       0x0000000000000020       0x21 zephyr/libzephyr.a(policy.c.obj)
 .comment       0x0000000000000020       0x21 zephyr/libzephyr.a(state.c.obj)
 .comment       0x0000000000000020       0x21 zephyr/arch/arch/arm/core/aarch32/libarch__arm__core__aarch32.a(fatal.c.obj)
 .comment       0x0000000000000020       0x21 zephyr/arch/arch/arm/core/aarch32/libarch__arm__core__aarch32.a(irq_manage.c.obj)
 .comment       0x0000000000000020       0x21 zephyr/arch/arch/arm/core/aarch32/libarch__arm__core__aarch32.a(nmi.c.obj)
 .comment       0x0000000000000020       0x21 zephyr/arch/arch/arm/core/aarch32/libarch__arm__core__aarch32.a(prep_c.c.obj)
 .comment       0x0000000000000020       0x21 zephyr/arch/arch/arm/core/aarch32/libarch__arm__core__aarch32.a(swap.c.obj)
 .comment       0x0000000000000020       0x21 zephyr/arch/arch/arm/core/aarch32/libarch__arm__core__aarch32.a(thread.c.obj)
 .comment       0x0000000000000020       0x21 zephyr/arch/arch/arm/core/aarch32/cortex_m/libarch__arm__core__aarch32__cortex_m.a(fault.c.obj)
 .comment       0x0000000000000020       0x21 zephyr/arch/arch/arm/core/aarch32/cortex_m/libarch__arm__core__aarch32__cortex_m.a(irq_init.c.obj)
 .comment       0x0000000000000020       0x21 zephyr/arch/arch/arm/core/aarch32/cortex_m/libarch__arm__core__aarch32__cortex_m.a(scb.c.obj)
 .comment       0x0000000000000020       0x21 zephyr/arch/arch/arm/core/aarch32/cortex_m/libarch__arm__core__aarch32__cortex_m.a(thread_abort.c.obj)
 .comment       0x0000000000000020       0x21 zephyr/arch/arch/arm/core/aarch32/mpu/libarch__arm__core__aarch32__mpu.a(arm_core_mpu.c.obj)
 .comment       0x0000000000000020       0x21 zephyr/arch/arch/arm/core/aarch32/mpu/libarch__arm__core__aarch32__mpu.a(arm_mpu.c.obj)
 .comment       0x0000000000000020       0x21 zephyr/lib/libc/minimal/liblib__libc__minimal.a(string.c.obj)
 .comment       0x0000000000000020       0x21 zephyr/lib/libc/minimal/liblib__libc__minimal.a(stdout_console.c.obj)
 .comment       0x0000000000000020       0x21 zephyr/soc/arm/common/cortex_m/libsoc__arm__common__cortex_m.a(arm_mpu_regions.c.obj)
 .comment       0x0000000000000020       0x21 zephyr/soc/arm/nordic_nrf/nrf52/libsoc__arm__nordic_nrf__nrf52.a(soc.c.obj)
 .comment       0x0000000000000020       0x21 zephyr/soc/arm/nordic_nrf/nrf52/libsoc__arm__nordic_nrf__nrf52.a(power.c.obj)
 .comment       0x0000000000000020       0x21 zephyr/drivers/clock_control/libdrivers__clock_control.a(clock_control_nrf.c.obj)
 .comment       0x0000000000000020       0x21 zephyr/drivers/console/libdrivers__console.a(uart_console.c.obj)
 .comment       0x0000000000000020       0x21 zephyr/drivers/gpio/libdrivers__gpio.a(gpio_nrfx.c.obj)
 .comment       0x0000000000000020       0x21 zephyr/drivers/serial/libdrivers__serial.a(uart_nrfx_uarte.c.obj)
 .comment       0x0000000000000020       0x21 zephyr/drivers/timer/libdrivers__timer.a(sys_clock_init.c.obj)
 .comment       0x0000000000000020       0x21 zephyr/drivers/timer/libdrivers__timer.a(nrf_rtc_timer.c.obj)
 .comment       0x0000000000000020       0x21 zephyr/drivers/pinctrl/libdrivers__pinctrl.a(common.c.obj)
 .comment       0x0000000000000020       0x21 zephyr/drivers/pinctrl/libdrivers__pinctrl.a(pinctrl_nrf.c.obj)
 .comment       0x0000000000000020       0x21 modules/nrf/lib/fatal_error/lib..__nrf__lib__fatal_error.a(fatal_error.c.obj)
 .comment       0x0000000000000020       0x21 modules/hal_nordic/nrfx/libmodules__hal_nordic__nrfx.a(system_nrf52.c.obj)
 .comment       0x0000000000000020       0x21 modules/hal_nordic/nrfx/libmodules__hal_nordic__nrfx.a(nrfx_glue.c.obj)
 .comment       0x0000000000000020       0x21 modules/hal_nordic/nrfx/libmodules__hal_nordic__nrfx.a(nrfx_flag32_allocator.c.obj)
 .comment       0x0000000000000020       0x21 modules/hal_nordic/nrfx/libmodules__hal_nordic__nrfx.a(nrfx_clock.c.obj)
 .comment       0x0000000000000020       0x21 modules/hal_nordic/nrfx/libmodules__hal_nordic__nrfx.a(nrfx_gpiote.c.obj)
 .comment       0x0000000000000020       0x21 modules/hal_nordic/nrfx/libmodules__hal_nordic__nrfx.a(nrfx_ppi.c.obj)
 .comment       0x0000000000000020       0x21 modules/segger/libmodules__segger.a(SEGGER_RTT.c.obj)
 .comment       0x0000000000000020       0x21 modules/segger/libmodules__segger.a(SEGGER_RTT_zephyr.c.obj)
 .comment       0x0000000000000020       0x21 zephyr/kernel/libkernel.a(device.c.obj)
 .comment       0x0000000000000020       0x21 zephyr/kernel/libkernel.a(errno.c.obj)
 .comment       0x0000000000000020       0x21 zephyr/kernel/libkernel.a(fatal.c.obj)
 .comment       0x0000000000000020       0x21 zephyr/kernel/libkernel.a(init.c.obj)
 .comment       0x0000000000000020       0x21 zephyr/kernel/libkernel.a(thread.c.obj)
 .comment       0x0000000000000020       0x21 zephyr/kernel/libkernel.a(idle.c.obj)
 .comment       0x0000000000000020       0x21 zephyr/kernel/libkernel.a(sem.c.obj)
 .comment       0x0000000000000020       0x21 zephyr/kernel/libkernel.a(sched.c.obj)
 .comment       0x0000000000000020       0x21 zephyr/kernel/libkernel.a(xip.c.obj)
 .comment       0x0000000000000020       0x21 zephyr/kernel/libkernel.a(timeout.c.obj)
 .comment       0x0000000000000020       0x21 zephyr/kernel/libkernel.a(banner.c.obj)
 .comment       0x0000000000000020       0x21 zephyr/CMakeFiles/offsets.dir/./arch/arm/core/offsets/offsets.c.obj
 .comment       0x0000000000000020       0x21 zephyr/arch/common/libisr_tables.a(isr_tables.c.obj)

.debug
 *(SORT_BY_ALIGNMENT(.debug))

.line
 *(SORT_BY_ALIGNMENT(.line))

.debug_srcinfo
 *(SORT_BY_ALIGNMENT(.debug_srcinfo))

.debug_sfnames
 *(SORT_BY_ALIGNMENT(.debug_sfnames))

.debug_aranges  0x0000000000000000     0x13d8
 *(SORT_BY_ALIGNMENT(.debug_aranges))
 .debug_aranges
                0x0000000000000000       0x20 zephyr/libzephyr.a(soc_nrf_common.S.obj)
 .debug_aranges
                0x0000000000000020       0x30 zephyr/arch/arch/arm/core/aarch32/libarch__arm__core__aarch32.a(cpu_idle.S.obj)
 .debug_aranges
                0x0000000000000050       0x20 zephyr/arch/arch/arm/core/aarch32/libarch__arm__core__aarch32.a(nmi_on_reset.S.obj)
 .debug_aranges
                0x0000000000000070       0x28 zephyr/arch/arch/arm/core/aarch32/libarch__arm__core__aarch32.a(swap_helper.S.obj)
 .debug_aranges
                0x0000000000000098       0x20 zephyr/arch/arch/arm/core/aarch32/libarch__arm__core__aarch32.a(isr_wrapper.S.obj)
 .debug_aranges
                0x00000000000000b8       0x20 zephyr/arch/arch/arm/core/aarch32/cortex_m/libarch__arm__core__aarch32__cortex_m.a(exc_exit.S.obj)
 .debug_aranges
                0x00000000000000d8       0x20 zephyr/arch/arch/arm/core/aarch32/cortex_m/libarch__arm__core__aarch32__cortex_m.a(fault_s.S.obj)
 .debug_aranges
                0x00000000000000f8       0x20 zephyr/arch/arch/arm/core/aarch32/cortex_m/libarch__arm__core__aarch32__cortex_m.a(reset.S.obj)
 .debug_aranges
                0x0000000000000118       0x38 app/libapp.a(main.c.obj)
 .debug_aranges
                0x0000000000000150       0x28 zephyr/libzephyr.a(notify.c.obj)
 .debug_aranges
                0x0000000000000178       0x68 zephyr/libzephyr.a(printk.c.obj)
 .debug_aranges
                0x00000000000001e0       0x90 zephyr/libzephyr.a(onoff.c.obj)
 .debug_aranges
                0x0000000000000270       0x20 zephyr/libzephyr.a(thread_entry.c.obj)
 .debug_aranges
                0x0000000000000290       0x30 zephyr/libzephyr.a(cbprintf_complete.c.obj)
 .debug_aranges
                0x00000000000002c0       0x20 zephyr/libzephyr.a(configs.c.obj)
 .debug_aranges
                0x00000000000002e0       0x50 zephyr/libzephyr.a(pm.c.obj)
 .debug_aranges
                0x0000000000000330       0x68 zephyr/libzephyr.a(policy.c.obj)
 .debug_aranges
                0x0000000000000398       0x20 zephyr/libzephyr.a(state.c.obj)
 .debug_aranges
                0x00000000000003b8       0x30 zephyr/arch/arch/arm/core/aarch32/libarch__arm__core__aarch32.a(fatal.c.obj)
 .debug_aranges
                0x00000000000003e8       0x48 zephyr/arch/arch/arm/core/aarch32/libarch__arm__core__aarch32.a(irq_manage.c.obj)
 .debug_aranges
                0x0000000000000430       0x20 zephyr/arch/arch/arm/core/aarch32/libarch__arm__core__aarch32.a(nmi.c.obj)
 .debug_aranges
                0x0000000000000450       0x20 zephyr/arch/arch/arm/core/aarch32/libarch__arm__core__aarch32.a(prep_c.c.obj)
 .debug_aranges
                0x0000000000000470       0x20 zephyr/arch/arch/arm/core/aarch32/libarch__arm__core__aarch32.a(swap.c.obj)
 .debug_aranges
                0x0000000000000490       0x30 zephyr/arch/arch/arm/core/aarch32/libarch__arm__core__aarch32.a(thread.c.obj)
 .debug_aranges
                0x00000000000004c0       0x38 zephyr/arch/arch/arm/core/aarch32/cortex_m/libarch__arm__core__aarch32__cortex_m.a(fault.c.obj)
 .debug_aranges
                0x00000000000004f8       0x20 zephyr/arch/arch/arm/core/aarch32/cortex_m/libarch__arm__core__aarch32__cortex_m.a(irq_init.c.obj)
 .debug_aranges
                0x0000000000000518       0x30 zephyr/arch/arch/arm/core/aarch32/cortex_m/libarch__arm__core__aarch32__cortex_m.a(scb.c.obj)
 .debug_aranges
                0x0000000000000548       0x20 zephyr/arch/arch/arm/core/aarch32/cortex_m/libarch__arm__core__aarch32__cortex_m.a(thread_abort.c.obj)
 .debug_aranges
                0x0000000000000568       0x28 zephyr/arch/arch/arm/core/aarch32/mpu/libarch__arm__core__aarch32__mpu.a(arm_core_mpu.c.obj)
 .debug_aranges
                0x0000000000000590       0x48 zephyr/arch/arch/arm/core/aarch32/mpu/libarch__arm__core__aarch32__mpu.a(arm_mpu.c.obj)
 .debug_aranges
                0x00000000000005d8       0x98 zephyr/lib/libc/minimal/liblib__libc__minimal.a(string.c.obj)
 .debug_aranges
                0x0000000000000670       0x58 zephyr/lib/libc/minimal/liblib__libc__minimal.a(stdout_console.c.obj)
 .debug_aranges
                0x00000000000006c8       0x18 zephyr/soc/arm/common/cortex_m/libsoc__arm__common__cortex_m.a(arm_mpu_regions.c.obj)
 .debug_aranges
                0x00000000000006e0       0x30 zephyr/soc/arm/nordic_nrf/nrf52/libsoc__arm__nordic_nrf__nrf52.a(soc.c.obj)
 .debug_aranges
                0x0000000000000710       0x28 zephyr/soc/arm/nordic_nrf/nrf52/libsoc__arm__nordic_nrf__nrf52.a(power.c.obj)
 .debug_aranges
                0x0000000000000738       0xc8 zephyr/drivers/clock_control/libdrivers__clock_control.a(clock_control_nrf.c.obj)
 .debug_aranges
                0x0000000000000800       0x30 zephyr/drivers/console/libdrivers__console.a(uart_console.c.obj)
 .debug_aranges
                0x0000000000000830       0x68 zephyr/drivers/gpio/libdrivers__gpio.a(gpio_nrfx.c.obj)
 .debug_aranges
                0x0000000000000898       0x58 zephyr/drivers/serial/libdrivers__serial.a(uart_nrfx_uarte.c.obj)
 .debug_aranges
                0x00000000000008f0       0x28 zephyr/drivers/timer/libdrivers__timer.a(sys_clock_init.c.obj)
 .debug_aranges
                0x0000000000000918       0xb8 zephyr/drivers/timer/libdrivers__timer.a(nrf_rtc_timer.c.obj)
 .debug_aranges
                0x00000000000009d0       0x20 zephyr/drivers/pinctrl/libdrivers__pinctrl.a(common.c.obj)
 .debug_aranges
                0x00000000000009f0       0x30 zephyr/drivers/pinctrl/libdrivers__pinctrl.a(pinctrl_nrf.c.obj)
 .debug_aranges
                0x0000000000000a20       0x20 modules/nrf/lib/fatal_error/lib..__nrf__lib__fatal_error.a(fatal_error.c.obj)
 .debug_aranges
                0x0000000000000a40       0x48 modules/hal_nordic/nrfx/libmodules__hal_nordic__nrfx.a(system_nrf52.c.obj)
 .debug_aranges
                0x0000000000000a88       0x30 modules/hal_nordic/nrfx/libmodules__hal_nordic__nrfx.a(nrfx_glue.c.obj)
 .debug_aranges